Component: ARM Compiler 5.06 update 6 (build 750) Tool: armlink [4d35ed]

==============================================================================

Section Cross References

    startup_stm32f407xx.o(RESET) refers to startup_stm32f407xx.o(STACK) for __initial_sp
    startup_stm32f407xx.o(RESET) refers to startup_stm32f407xx.o(.text) for Reset_Handler
    startup_stm32f407xx.o(RESET) refers to stm32f4xx_it.o(i.NMI_Handler) for NMI_Handler
    startup_stm32f407xx.o(RESET) refers to stm32f4xx_it.o(i.HardFault_Handler) for HardFault_Handler
    startup_stm32f407xx.o(RESET) refers to stm32f4xx_it.o(i.MemManage_Handler) for MemManage_Handler
    startup_stm32f407xx.o(RESET) refers to stm32f4xx_it.o(i.BusFault_Handler) for BusFault_Handler
    startup_stm32f407xx.o(RESET) refers to stm32f4xx_it.o(i.UsageFault_Handler) for UsageFault_Handler
    startup_stm32f407xx.o(RESET) refers to stm32f4xx_it.o(i.SVC_Handler) for SVC_Handler
    startup_stm32f407xx.o(RESET) refers to stm32f4xx_it.o(i.DebugMon_Handler) for DebugMon_Handler
    startup_stm32f407xx.o(RESET) refers to stm32f4xx_it.o(i.PendSV_Handler) for PendSV_Handler
    startup_stm32f407xx.o(RESET) refers to stm32f4xx_it.o(i.SysTick_Handler) for SysTick_Handler
    startup_stm32f407xx.o(RESET) refers to main.o(i.EXTI0_IRQHandler) for EXTI0_IRQHandler
    startup_stm32f407xx.o(RESET) refers to main.o(i.EXTI1_IRQHandler) for EXTI1_IRQHandler
    startup_stm32f407xx.o(RESET) refers to main.o(i.EXTI3_IRQHandler) for EXTI3_IRQHandler
    startup_stm32f407xx.o(RESET) refers to main.o(i.EXTI4_IRQHandler) for EXTI4_IRQHandler
    startup_stm32f407xx.o(RESET) refers to stm32f4xx_it.o(i.DMA1_Stream1_IRQHandler) for DMA1_Stream1_IRQHandler
    startup_stm32f407xx.o(RESET) refers to stm32f4xx_it.o(i.DMA1_Stream5_IRQHandler) for DMA1_Stream5_IRQHandler
    startup_stm32f407xx.o(RESET) refers to stm32f4xx_it.o(i.EXTI9_5_IRQHandler) for EXTI9_5_IRQHandler
    startup_stm32f407xx.o(RESET) refers to main.o(i.TIM2_IRQHandler) for TIM2_IRQHandler
    startup_stm32f407xx.o(RESET) refers to main.o(i.TIM3_IRQHandler) for TIM3_IRQHandler
    startup_stm32f407xx.o(RESET) refers to stm32f4xx_it.o(i.USART3_IRQHandler) for USART3_IRQHandler
    startup_stm32f407xx.o(RESET) refers to stm32f4xx_it.o(i.EXTI15_10_IRQHandler) for EXTI15_10_IRQHandler
    startup_stm32f407xx.o(.text) refers to system_stm32f4xx.o(i.SystemInit) for SystemInit
    startup_stm32f407xx.o(.text) refers to entry.o(.ARM.Collect$$$$00000000) for __main
    mpu9250.o(i.MPU9250_Angles_Update) refers to mpu9250.o(i.MPU9250_Read_All) for MPU9250_Read_All
    mpu9250.o(i.MPU9250_Angles_Update) refers to madgwickahrs.o(i.MadgwickAHRSupdate) for MadgwickAHRSupdate
    mpu9250.o(i.MPU9250_Angles_Update) refers to atan2f.o(i.__hardfp_atan2f) for __hardfp_atan2f
    mpu9250.o(i.MPU9250_Angles_Update) refers to asinf.o(i.__hardfp_asinf) for __hardfp_asinf
    mpu9250.o(i.MPU9250_Angles_Update) refers to mpu9250.o(.data) for .data
    mpu9250.o(i.MPU9250_Angles_Update) refers to madgwickahrs.o(.data) for q0
    mpu9250.o(i.MPU9250_Calib_Acc) refers to mpu9250.o(i.MPU9250_Read_All) for MPU9250_Read_All
    mpu9250.o(i.MPU9250_Calib_Acc) refers to stm32f4xx_hal.o(i.HAL_Delay) for HAL_Delay
    mpu9250.o(i.MPU9250_Calib_Acc) refers to f2d.o(.text) for __aeabi_f2d
    mpu9250.o(i.MPU9250_Calib_Acc) refers to dadd.o(.text) for __aeabi_dadd
    mpu9250.o(i.MPU9250_Calib_Acc) refers to dmul.o(.text) for __aeabi_dmul
    mpu9250.o(i.MPU9250_Calib_Acc) refers to ddiv.o(.text) for __aeabi_ddiv
    mpu9250.o(i.MPU9250_Calib_Acc) refers to d2f.o(.text) for __aeabi_d2f
    mpu9250.o(i.MPU9250_Calib_Acc) refers to mpu9250.o(.data) for .data
    mpu9250.o(i.MPU9250_Calib_Gyro) refers to mpu9250.o(i.MPU9250_Read_All) for MPU9250_Read_All
    mpu9250.o(i.MPU9250_Calib_Gyro) refers to stm32f4xx_hal.o(i.HAL_Delay) for HAL_Delay
    mpu9250.o(i.MPU9250_Calib_Gyro) refers to mpu9250.o(.data) for .data
    mpu9250.o(i.MPU9250_Calib_Mag) refers to mpu9250.o(i.MPU9250_Read_All) for MPU9250_Read_All
    mpu9250.o(i.MPU9250_Calib_Mag) refers to stm32f4xx_hal.o(i.HAL_Delay) for HAL_Delay
    mpu9250.o(i.MPU9250_Calib_Mag) refers to mpu9250.o(.data) for .data
    mpu9250.o(i.MPU9250_Get_Angles) refers to mpu9250.o(i.MPU9250_Read_All) for MPU9250_Read_All
    mpu9250.o(i.MPU9250_Get_Angles) refers to madgwickahrs.o(i.MadgwickAHRSupdate) for MadgwickAHRSupdate
    mpu9250.o(i.MPU9250_Get_Angles) refers to atan2f.o(i.__hardfp_atan2f) for __hardfp_atan2f
    mpu9250.o(i.MPU9250_Get_Angles) refers to asinf.o(i.__hardfp_asinf) for __hardfp_asinf
    mpu9250.o(i.MPU9250_Get_Angles) refers to mpu9250.o(.data) for .data
    mpu9250.o(i.MPU9250_Get_Angles) refers to madgwickahrs.o(.data) for q0
    mpu9250.o(i.MPU9250_Init_All) refers to stm32f4xx_hal_i2c.o(i.HAL_I2C_Master_Transmit) for HAL_I2C_Master_Transmit
    mpu9250.o(i.MPU9250_Init_All) refers to stm32f4xx_hal.o(i.HAL_Delay) for HAL_Delay
[...]
    ../mathlib/qnan.c                        0x00000000   Number         0  qnan.o ABSOLUTE
    ../mathlib/rred.c                        0x00000000   Number         0  rred.o ABSOLUTE
    ../mathlib/sin.c                         0x00000000   Number         0  sin_x.o ABSOLUTE
    ../mathlib/sin.c                         0x00000000   Number         0  sin.o ABSOLUTE
    ../mathlib/sin_i.c                       0x00000000   Number         0  sin_i_x.o ABSOLUTE
    ../mathlib/sin_i.c                       0x00000000   Number         0  sin_i.o ABSOLUTE
    ../mathlib/sqrt.c                        0x00000000   Number         0  sqrt_x.o ABSOLUTE
    ../mathlib/sqrt.c                        0x00000000   Number         0  sqrt.o ABSOLUTE
    ../mathlib/sqrtf.c                       0x00000000   Number         0  sqrtf_x.o ABSOLUTE
    ../mathlib/sqrtf.c                       0x00000000   Number         0  sqrtf.o ABSOLUTE
    ..\Drivers\STM32F4xx_HAL_Driver\Src\stm32f4xx_hal.c 0x00000000   Number         0  stm32f4xx_hal.o ABSOLUTE
    ..\Drivers\STM32F4xx_HAL_Driver\Src\stm32f4xx_hal_cortex.c 0x00000000   Number         0  stm32f4xx_hal_cortex.o ABSOLUTE
    ..\Drivers\STM32F4xx_HAL_Driver\Src\stm32f4xx_hal_dma.c 0x00000000   Number         0  stm32f4xx_hal_dma.o ABSOLUTE
    ..\Drivers\STM32F4xx_HAL_Driver\Src\stm32f4xx_hal_dma_ex.c 0x00000000   Number         0  stm32f4xx_hal_dma_ex.o ABSOLUTE
    ..\Drivers\STM32F4xx_HAL_Driver\Src\stm32f4xx_hal_flash.c 0x00000000   Number         0  stm32f4xx_hal_flash.o ABSOLUTE
    ..\Drivers\STM32F4xx_HAL_Driver\Src\stm32f4xx_hal_flash_ex.c 0x00000000   Number         0  stm32f4xx_hal_flash_ex.o ABSOLUTE
    ..\Drivers\STM32F4xx_HAL_Driver\Src\stm32f4xx_hal_flash_ramfunc.c 0x00000000   Number         0  stm32f4xx_hal_flash_ramfunc.o ABSOLUTE
    ..\Drivers\STM32F4xx_HAL_Driver\Src\stm32f4xx_hal_gpio.c 0x00000000   Number         0  stm32f4xx_hal_gpio.o ABSOLUTE
    ..\Drivers\STM32F4xx_HAL_Driver\Src\stm32f4xx_hal_i2c.c 0x00000000   Number         0  stm32f4xx_hal_i2c.o ABSOLUTE
    ..\Drivers\STM32F4xx_HAL_Driver\Src\stm32f4xx_hal_i2c_ex.c 0x00000000   Number         0  stm32f4xx_hal_i2c_ex.o ABSOLUTE
    ..\Drivers\STM32F4xx_HAL_Driver\Src\stm32f4xx_hal_pwr.c 0x00000000   Number         0  stm32f4xx_hal_pwr.o ABSOLUTE
    ..\Drivers\STM32F4xx_HAL_Driver\Src\stm32f4xx_hal_pwr_ex.c 0x00000000   Number         0  stm32f4xx_hal_pwr_ex.o ABSOLUTE
    ..\Drivers\STM32F4xx_HAL_Driver\Src\stm32f4xx_hal_rcc.c 0x00000000   Number         0  stm32f4xx_hal_rcc.o ABSOLUTE
    ..\Drivers\STM32F4xx_HAL_Driver\Src\stm32f4xx_hal_rcc_ex.c 0x00000000   Number         0  stm32f4xx_hal_rcc_ex.o ABSOLUTE
    ..\Drivers\STM32F4xx_HAL_Driver\Src\stm32f4xx_hal_tim.c 0x00000000   Number         0  stm32f4xx_hal_tim.o ABSOLUTE
    ..\Drivers\STM32F4xx_HAL_Driver\Src\stm32f4xx_hal_tim_ex.c 0x00000000   Number         0  stm32f4xx_hal_tim_ex.o ABSOLUTE
    ..\Drivers\STM32F4xx_HAL_Driver\Src\stm32f4xx_hal_uart.c 0x00000000   Number         0  stm32f4xx_hal_uart.o ABSOLUTE
    ..\Src\MPU9250.c                         0x00000000   Number         0  mpu9250.o ABSOLUTE
    ..\Src\MadgwickAHRS.c                    0x00000000   Number         0  madgwickahrs.o ABSOLUTE
    ..\Src\NeoM8N.c                          0x00000000   Number         0  neom8n.o ABSOLUTE
    ..\Src\P2P_Algorithm.c                   0x00000000   Number         0  p2p_algorithm.o ABSOLUTE
    ..\Src\getChar.c                         0x00000000   Number         0  getchar.o ABSOLUTE
    ..\Src\main.c                            0x00000000   Number         0  main.o ABSOLUTE
    ..\Src\stm32f4xx_hal_msp.c               0x00000000   Number         0  stm32f4xx_hal_msp.o ABSOLUTE
    ..\Src\stm32f4xx_it.c                    0x00000000   Number         0  stm32f4xx_it.o ABSOLUTE
    ..\\Src\\MPU9250.c                       0x00000000   Number         0  mpu9250.o ABSOLUTE
    ..\\Src\\NeoM8N.c                        0x00000000   Number         0  neom8n.o ABSOLUTE
    ..\\Src\\P2P_Algorithm.c                 0x00000000   Number         0  p2p_algorithm.o ABSOLUTE
    ..\\Src\system_stm32f4xx.c               0x00000000   Number         0  system_stm32f4xx.o ABSOLUTE
    cdcmple.s                                0x00000000   Number         0  cdcmple.o ABSOLUTE
    dc.s                                     0x00000000   Number         0  dc.o ABSOLUTE
    handlers.s                               0x00000000   Number         0  handlers.o ABSOLUTE
    init.s                                   0x00000000   Number         0  init.o ABSOLUTE
    startup_stm32f407xx.s                    0x00000000   Number         0  startup_stm32f407xx.o ABSOLUTE
    RESET                                    0x08000000   Section      392  startup_stm32f407xx.o(RESET)
    .ARM.Collect$$$$00000000                 0x08000188   Section        0  entry.o(.ARM.Collect$$$$00000000)
    .ARM.Collect$$$$00000001                 0x08000188   Section        4  entry2.o(.ARM.Collect$$$$00000001)
    .ARM.Collect$$$$00000004                 0x0800018c   Section        4  entry5.o(.ARM.Collect$$$$00000004)
    .ARM.Collect$$$$00000008                 0x08000190   Section        0  entry7b.o(.ARM.Collect$$$$00000008)
    .ARM.Collect$$$$0000000A                 0x08000190   Section        0  entry8b.o(.ARM.Collect$$$$0000000A)
    .ARM.Collect$$$$0000000B                 0x08000190   Section        8  entry9a.o(.ARM.Collect$$$$0000000B)
    .ARM.Collect$$$$0000000D                 0x08000198   Section        0  entry10a.o(.ARM.Collect$$$$0000000D)
    .ARM.Collect$$$$0000000F                 0x08000198   Section        0  entry11a.o(.ARM.Collect$$$$0000000F)
    .ARM.Collect$$$$00002712                 0x08000198   Section        4  entry2.o(.ARM.Collect$$$$00002712)
    __lit__00000000                          0x08000198   Data           4  entry2.o(.ARM.Collect$$$$00002712)
    .text                                    0x0800019c   Section       36  startup_stm32f407xx.o(.text)
    $v0                                      0x0800019c   Number         0  startup_stm32f407xx.o(.text)
    .text                                    0x080001c0   Section        0  uldiv.o(.text)
    .text                                    0x08000222   Section        0  memseta.o(.text)
    .text                                    0x08000248   Section        0  __0sscanf.o(.text)
    .text                                    0x08000280   Section        0  _scanf_str.o(.text)
    .text                                    0x08000360   Section        0  scanf_fp.o(.text)
    _fp_value                                0x08000361   Thumb Code   296  scanf_fp.o(.text)
    .text                                    0x080006c0   Section        0  dmul.o(.text)
    .text                                    0x080007a4   Section        0  ddiv.o(.text)
    .text                                    0x08000882   Section        0  f2d.o(.text)
    .text                                    0x080008a8   Section        0  d2f.o(.text)
    .text                                    0x080008e0   Section        0  llshl.o(.text)
    .text                                    0x080008fe   Section        0  llushr.o(.text)
    .text                                    0x08000920   Section        0  scanf_char.o(.text)
    _scanf_char_input                        0x08000921   Thumb Code    12  scanf_char.o(.text)
    .text                                    0x08000948   Section        0  _sgetc.o(.text)
    .text                                    0x08000988   Section        0  iusefp.o(.text)
    .text                                    0x08000988   Section        0  fepilogue.o(.text)
    .text                                    0x080009f6   Section        0  depilogue.o(.text)
    .text                                    0x08000ab0   Section        0  dsqrt.o(.text)
    .text                                    0x08000b52   Section        0  dfltul.o(.text)
    .text                                    0x08000b6c   Section       36  init.o(.text)
    .text                                    0x08000b90   Section        0  isspace_c.o(.text)
    .text                                    0x08000b9c   Section        0  _scanf.o(.text)
    .text                                    0x08000ec8   Section        0  ctype_c.o(.text)
    .text                                    0x08000ef0   Section        0  __dczerorl2.o(.text)
    i.BusFault_Handler                       0x08000f46   Section        0  stm32f4xx_it.o(i.BusFault_Handler)
    i.DMA1_Stream1_IRQHandler                0x08000f48   Section        0  stm32f4xx_it.o(i.DMA1_Stream1_IRQHandler)
    i.DMA1_Stream5_IRQHandler                0x08000f54   Section        0  stm32f4xx_it.o(i.DMA1_Stream5_IRQHandler)
    i.DMA_CalcBaseAndBitshift                0x08000f60   Section        0  stm32f4xx_hal_dma.o(i.DMA_CalcBaseAndBitshift)
    DMA_CalcBaseAndBitshift                  0x08000f61   Thumb Code    34  stm32f4xx_hal_dma.o(i.DMA_CalcBaseAndBitshift)
    i.DMA_CheckFifoParam                     0x08000f88   Section        0  stm32f4xx_hal_dma.o(i.DMA_CheckFifoParam)
    DMA_CheckFifoParam                       0x08000f89   Thumb Code    84  stm32f4xx_hal_dma.o(i.DMA_CheckFifoParam)
    i.DebugMon_Handler                       0x08000fdc   Section        0  stm32f4xx_it.o(i.DebugMon_Handler)
    i.EXTI0_IRQHandler                       0x08000fe0   Section        0  main.o(i.EXTI0_IRQHandler)
    i.EXTI15_10_IRQHandler                   0x08001074   Section        0  stm32f4xx_it.o(i.EXTI15_10_IRQHandler)
    i.EXTI1_IRQHandler                       0x0800107c   Section        0  main.o(i.EXTI1_IRQHandler)
    i.EXTI3_IRQHandler                       0x08001110   Section        0  main.o(i.EXTI3_IRQHandler)
    i.EXTI4_IRQHandler                       0x080011a4   Section        0  main.o(i.EXTI4_IRQHandler)
    i.EXTI9_5_IRQHandler                     0x08001238   Section        0  stm32f4xx_it.o(i.EXTI9_5_IRQHandler)
    i.GPS_Init                               0x08001240   Section        0  neom8n.o(i.GPS_Init)
    i.HAL_DMA_Abort_IT                       0x08001258   Section        0  stm32f4xx_hal_dma.o(i.HAL_DMA_Abort_IT)
    i.HAL_DMA_IRQHandler                     0x0800127c   Section        0  stm32f4xx_hal_dma.o(i.HAL_DMA_IRQHandler)
    i.HAL_DMA_Init                           0x0800141c   Section        0  stm32f4xx_hal_dma.o(i.HAL_DMA_Init)
    i.HAL_Delay                              0x080014f0   Section        0  stm32f4xx_hal.o(i.HAL_Delay)
    i.HAL_GPIO_EXTI_Callback                 0x08001514   Section        0  stm32f4xx_hal_gpio.o(i.HAL_GPIO_EXTI_Callback)
    i.HAL_GPIO_EXTI_IRQHandler               0x08001518   Section        0  stm32f4xx_hal_gpio.o(i.HAL_GPIO_EXTI_IRQHandler)
    i.HAL_GPIO_Init                          0x08001530   Section        0  stm32f4xx_hal_gpio.o(i.HAL_GPIO_Init)
    i.HAL_GPIO_ReadPin                       0x080016e0   Section        0  stm32f4xx_hal_gpio.o(i.HAL_GPIO_ReadPin)
    i.HAL_GPIO_WritePin                      0x080016ea   Section        0  stm32f4xx_hal_gpio.o(i.HAL_GPIO_WritePin)
    i.HAL_GetTick                            0x080016f4   Section        0  stm32f4xx_hal.o(i.HAL_GetTick)
    i.HAL_I2C_Init                           0x08001700   Section        0  stm32f4xx_hal_i2c.o(i.HAL_I2C_Init)
    i.HAL_I2C_Master_Receive                 0x08001808   Section        0  stm32f4xx_hal_i2c.o(i.HAL_I2C_Master_Receive)
    i.HAL_I2C_Master_Transmit                0x080019f0   Section        0  stm32f4xx_hal_i2c.o(i.HAL_I2C_Master_Transmit)
    i.HAL_I2C_MspInit                        0x08001b28   Section        0  stm32f4xx_hal_msp.o(i.HAL_I2C_MspInit)
    i.HAL_IncTick                            0x08001b74   Section        0  stm32f4xx_hal.o(i.HAL_IncTick)
    i.HAL_Init                               0x08001b84   Section        0  stm32f4xx_hal.o(i.HAL_Init)
    i.HAL_InitTick                           0x08001bb8   Section        0  stm32f4xx_hal.o(i.HAL_InitTick)
    i.HAL_MspInit                            0x08001bf8   Section        0  stm32f4xx_hal_msp.o(i.HAL_MspInit)
    i.HAL_NVIC_EnableIRQ                     0x08001c7c   Section        0  stm32f4xx_hal_cortex.o(i.HAL_NVIC_EnableIRQ)
    i.HAL_NVIC_SetPriority                   0x08001c94   Section        0  stm32f4xx_hal_cortex.o(i.HAL_NVIC_SetPriority)
    i.HAL_NVIC_SetPriorityGrouping           0x08001cd4   Section        0  stm32f4xx_hal_cortex.o(i.HAL_NVIC_SetPriorityGrouping)
    i.HAL_RCC_ClockConfig                    0x08001cf8   Section        0  stm32f4xx_hal_rcc.o(i.HAL_RCC_ClockConfig)
    i.HAL_RCC_GetHCLKFreq                    0x08001e28   Section        0  stm32f4xx_hal_rcc.o(i.HAL_RCC_GetHCLKFreq)
    i.HAL_RCC_GetPCLK1Freq                   0x08001e34   Section        0  stm32f4xx_hal_rcc.o(i.HAL_RCC_GetPCLK1Freq)
    i.HAL_RCC_GetPCLK2Freq                   0x08001e54   Section        0  stm32f4xx_hal_rcc.o(i.HAL_RCC_GetPCLK2Freq)
    i.HAL_RCC_GetSysClockFreq                0x08001e74   Section        0  stm32f4xx_hal_rcc.o(i.HAL_RCC_GetSysClockFreq)
    i.HAL_RCC_OscConfig                      0x08001ed4   Section        0  stm32f4xx_hal_rcc.o(i.HAL_RCC_OscConfig)
    i.HAL_SYSTICK_CLKSourceConfig            0x080021f0   Section        0  stm32f4xx_hal_cortex.o(i.HAL_SYSTICK_CLKSourceConfig)
    i.HAL_SYSTICK_Callback                   0x08002208   Section        0  stm32f4xx_hal_cortex.o(i.HAL_SYSTICK_Callback)
    i.HAL_SYSTICK_Config                     0x0800220a   Section        0  stm32f4xx_hal_cortex.o(i.HAL_SYSTICK_Config)
    i.HAL_SYSTICK_IRQHandler                 0x08002232   Section        0  stm32f4xx_hal_cortex.o(i.HAL_SYSTICK_IRQHandler)
    i.HAL_TIMEx_BreakCallback                0x0800223a   Section        0  stm32f4xx_hal_tim_ex.o(i.HAL_TIMEx_BreakCallback)
    i.HAL_TIMEx_CommutationCallback          0x0800223c   Section        0  stm32f4xx_hal_tim_ex.o(i.HAL_TIMEx_CommutationCallback)
    i.HAL_TIMEx_MasterConfigSynchronization  0x0800223e   Section        0  stm32f4xx_hal_tim_ex.o(i.HAL_TIMEx_MasterConfigSynchronization)
    i.HAL_TIM_Base_Init                      0x0800228e   Section        0  stm32f4xx_hal_tim.o(i.HAL_TIM_Base_Init)
    i.HAL_TIM_Base_MspInit                   0x080022c4   Section        0  stm32f4xx_hal_msp.o(i.HAL_TIM_Base_MspInit)
    i.HAL_TIM_Base_Start_IT                  0x08002324   Section        0  stm32f4xx_hal_tim.o(i.HAL_TIM_Base_Start_IT)
    i.HAL_TIM_ConfigClockSource              0x0800233c   Section        0  stm32f4xx_hal_tim.o(i.HAL_TIM_ConfigClockSource)
    i.HAL_TIM_IC_CaptureCallback             0x0800242e   Section        0  stm32f4xx_hal_tim.o(i.HAL_TIM_IC_CaptureCallback)
    i.HAL_TIM_IRQHandler                     0x08002430   Section        0  stm32f4xx_hal_tim.o(i.HAL_TIM_IRQHandler)
    i.HAL_TIM_MspPostInit                    0x08002598   Section        0  stm32f4xx_hal_msp.o(i.HAL_TIM_MspPostInit)
    i.HAL_TIM_OC_DelayElapsedCallback        0x080025cc   Section        0  stm32f4xx_hal_tim.o(i.HAL_TIM_OC_DelayElapsedCallback)
    i.HAL_TIM_PWM_ConfigChannel              0x080025ce   Section        0  stm32f4xx_hal_tim.o(i.HAL_TIM_PWM_ConfigChannel)
    i.HAL_TIM_PWM_Init                       0x0800269e   Section        0  stm32f4xx_hal_tim.o(i.HAL_TIM_PWM_Init)
    i.HAL_TIM_PWM_MspInit                    0x080026d4   Section        0  stm32f4xx_hal_msp.o(i.HAL_TIM_PWM_MspInit)
    i.HAL_TIM_PWM_PulseFinishedCallback      0x080026fc   Section        0  stm32f4xx_hal_tim.o(i.HAL_TIM_PWM_PulseFinishedCallback)
    i.HAL_TIM_PWM_Start                      0x08002700   Section        0  stm32f4xx_hal_tim.o(i.HAL_TIM_PWM_Start)
    i.HAL_TIM_PeriodElapsedCallback          0x08002738   Section        0  stm32f4xx_hal_tim.o(i.HAL_TIM_PeriodElapsedCallback)
    i.HAL_TIM_TriggerCallback                0x0800273a   Section        0  stm32f4xx_hal_tim.o(i.HAL_TIM_TriggerCallback)
    i.HAL_UART_ErrorCallback                 0x0800273c   Section        0  stm32f4xx_hal_uart.o(i.HAL_UART_ErrorCallback)
    i.HAL_UART_IRQHandler                    0x08002740   Section        0  stm32f4xx_hal_uart.o(i.HAL_UART_IRQHandler)
    i.HAL_UART_Init                          0x08002850   Section        0  stm32f4xx_hal_uart.o(i.HAL_UART_Init)
    i.HAL_UART_MspInit                       0x080028b4   Section        0  stm32f4xx_hal_msp.o(i.HAL_UART_MspInit)
    i.HAL_UART_Receive                       0x08002a34   Section        0  stm32f4xx_hal_uart.o(i.HAL_UART_Receive)
    i.HAL_UART_Receive_IT                    0x08002aec   Section        0  stm32f4xx_hal_uart.o(i.HAL_UART_Receive_IT)
    i.HAL_UART_RxCpltCallback                0x08002b34   Section        0  main.o(i.HAL_UART_RxCpltCallback)
    i.HAL_UART_TxCpltCallback                0x08002ba4   Section        0  stm32f4xx_hal_uart.o(i.HAL_UART_TxCpltCallback)
    i.HardFault_Handler                      0x08002ba6   Section        0  stm32f4xx_it.o(i.HardFault_Handler)
    i.I2C_IsAcknowledgeFailed                0x08002ba8   Section        0  stm32f4xx_hal_i2c.o(i.I2C_IsAcknowledgeFailed)
    I2C_IsAcknowledgeFailed                  0x08002ba9   Thumb Code    40  stm32f4xx_hal_i2c.o(i.I2C_IsAcknowledgeFailed)
    i.I2C_MasterRequestRead                  0x08002bd0   Section        0  stm32f4xx_hal_i2c.o(i.I2C_MasterRequestRead)
    I2C_MasterRequestRead                    0x08002bd1   Thumb Code   222  stm32f4xx_hal_i2c.o(i.I2C_MasterRequestRead)
    i.I2C_MasterRequestWrite                 0x08002cb0   Section        0  stm32f4xx_hal_i2c.o(i.I2C_MasterRequestWrite)
    I2C_MasterRequestWrite                   0x08002cb1   Thumb Code   142  stm32f4xx_hal_i2c.o(i.I2C_MasterRequestWrite)
    i.I2C_WaitOnBTFFlagUntilTimeout          0x08002d44   Section        0  stm32f4xx_hal_i2c.o(i.I2C_WaitOnBTFFlagUntilTimeout)
    I2C_WaitOnBTFFlagUntilTimeout            0x08002d45   Thumb Code    78  stm32f4xx_hal_i2c.o(i.I2C_WaitOnBTFFlagUntilTimeout)
    i.I2C_WaitOnFlagUntilTimeout             0x08002d92   Section        0  stm32f4xx_hal_i2c.o(i.I2C_WaitOnFlagUntilTimeout)
    I2C_WaitOnFlagUntilTimeout               0x08002d93   Thumb Code    96  stm32f4xx_hal_i2c.o(i.I2C_WaitOnFlagUntilTimeout)
    i.I2C_WaitOnMasterAddressFlagUntilTimeout 0x08002df4   Section        0  stm32f4xx_hal_i2c.o(i.I2C_WaitOnMasterAddressFlagUntilTimeout)
    I2C_WaitOnMasterAddressFlagUntilTimeout  0x08002df5   Thumb Code   136  stm32f4xx_hal_i2c.o(i.I2C_WaitOnMasterAddressFlagUntilTimeout)
    i.I2C_WaitOnRXNEFlagUntilTimeout         0x08002e7c   Section        0  stm32f4xx_hal_i2c.o(i.I2C_WaitOnRXNEFlagUntilTimeout)
    I2C_WaitOnRXNEFlagUntilTimeout           0x08002e7d   Thumb Code    98  stm32f4xx_hal_i2c.o(i.I2C_WaitOnRXNEFlagUntilTimeout)
    i.I2C_WaitOnTXEFlagUntilTimeout          0x08002ede   Section        0  stm32f4xx_hal_i2c.o(i.I2C_WaitOnTXEFlagUntilTimeout)
    I2C_WaitOnTXEFlagUntilTimeout            0x08002edf   Thumb Code    78  stm32f4xx_hal_i2c.o(i.I2C_WaitOnTXEFlagUntilTimeout)
    i.MPU9250_Calib_Gyro                     0x08002f2c   Section        0  mpu9250.o(i.MPU9250_Calib_Gyro)
    i.MPU9250_Calib_Mag                      0x08002ff0   Section        0  mpu9250.o(i.MPU9250_Calib_Mag)
    i.MPU9250_Get_Angles                     0x08003328   Section        0  mpu9250.o(i.MPU9250_Get_Angles)
    i.MPU9250_Init_All                       0x080035b8   Section        0  mpu9250.o(i.MPU9250_Init_All)
    i.MPU9250_Read_All                       0x080037d0   Section        0  mpu9250.o(i.MPU9250_Read_All)
    i.MPU9250_Read_Mag                       0x08003838   Section        0  mpu9250.o(i.MPU9250_Read_Mag)
    i.MPU9250_Write_Mag                      0x080038b4   Section        0  mpu9250.o(i.MPU9250_Write_Mag)
    i.MX_GPIO_Init                           0x0800392c   Section        0  main.o(i.MX_GPIO_Init)
    MX_GPIO_Init                             0x0800392d   Thumb Code   310  main.o(i.MX_GPIO_Init)
    i.MX_I2C1_Init                           0x08003a78   Section        0  main.o(i.MX_I2C1_Init)
    MX_I2C1_Init                             0x08003a79   Thumb Code    44  main.o(i.MX_I2C1_Init)
    i.MX_TIM2_Init                           0x08003ab0   Section        0  main.o(i.MX_TIM2_Init)
    MX_TIM2_Init                             0x08003ab1   Thumb Code    76  main.o(i.MX_TIM2_Init)
    i.MX_TIM3_Init                           0x08003b00   Section        0  main.o(i.MX_TIM3_Init)
    MX_TIM3_Init                             0x08003b01   Thumb Code    74  main.o(i.MX_TIM3_Init)
    i.MX_TIM4_Init                           0x08003b54   Section        0  main.o(i.MX_TIM4_Init)
    MX_TIM4_Init                             0x08003b55   Thumb Code    98  main.o(i.MX_TIM4_Init)
    i.MadgwickAHRSupdate                     0x08003bc0   Section        0  madgwickahrs.o(i.MadgwickAHRSupdate)
    i.MadgwickAHRSupdateIMU                  0x08004174   Section        0  madgwickahrs.o(i.MadgwickAHRSupdateIMU)
    i.MemManage_Handler                      0x08004418   Section        0  stm32f4xx_it.o(i.MemManage_Handler)
    i.NMI_Handler                            0x0800441a   Section        0  stm32f4xx_it.o(i.NMI_Handler)
    i.NVIC_SetPriority                       0x0800441c   Section        0  stm32f4xx_hal_cortex.o(i.NVIC_SetPriority)
    NVIC_SetPriority                         0x0800441d   Thumb Code    32  stm32f4xx_hal_cortex.o(i.NVIC_SetPriority)
    i.PendSV_Handler                         0x0800443c   Section        0  stm32f4xx_it.o(i.PendSV_Handler)
    i.SVC_Handler                            0x0800443e   Section        0  stm32f4xx_it.o(i.SVC_Handler)
    i.SysTick_Handler                        0x08004440   Section        0  stm32f4xx_it.o(i.SysTick_Handler)
    i.SystemClock_Config                     0x08004450   Section        0  main.o(i.SystemClock_Config)
    i.SystemInit                             0x080044ec   Section        0  system_stm32f4xx.o(i.SystemInit)
    i.TIM2_IRQHandler                        0x08004540   Section        0  main.o(i.TIM2_IRQHandler)
    i.TIM3_IRQHandler                        0x0800458c   Section        0  main.o(i.TIM3_IRQHandler)
    i.TIM_Base_SetConfig                     0x080045b0   Section        0  stm32f4xx_hal_tim.o(i.TIM_Base_SetConfig)
    i.TIM_CCxChannelCmd                      0x08004670   Section        0  stm32f4xx_hal_tim.o(i.TIM_CCxChannelCmd)
    i.TIM_ETR_SetConfig                      0x08004686   Section        0  stm32f4xx_hal_tim.o(i.TIM_ETR_SetConfig)
    TIM_ETR_SetConfig                        0x08004687   Thumb Code    20  stm32f4xx_hal_tim.o(i.TIM_ETR_SetConfig)
    i.TIM_ITRx_SetConfig                     0x0800469a   Section        0  stm32f4xx_hal_tim.o(i.TIM_ITRx_SetConfig)
    TIM_ITRx_SetConfig                       0x0800469b   Thumb Code    16  stm32f4xx_hal_tim.o(i.TIM_ITRx_SetConfig)
    i.TIM_OC1_SetConfig                      0x080046ac   Section        0  stm32f4xx_hal_tim.o(i.TIM_OC1_SetConfig)
    TIM_OC1_SetConfig                        0x080046ad   Thumb Code    80  stm32f4xx_hal_tim.o(i.TIM_OC1_SetConfig)
    i.TIM_OC2_SetConfig                      0x08004704   Section        0  stm32f4xx_hal_tim.o(i.TIM_OC2_SetConfig)
    i.TIM_OC3_SetConfig                      0x08004768   Section        0  stm32f4xx_hal_tim.o(i.TIM_OC3_SetConfig)
    TIM_OC3_SetConfig                        0x08004769   Thumb Code    88  stm32f4xx_hal_tim.o(i.TIM_OC3_SetConfig)
    i.TIM_OC4_SetConfig                      0x080047c8   Section        0  stm32f4xx_hal_tim.o(i.TIM_OC4_SetConfig)
    TIM_OC4_SetConfig                        0x080047c9   Thumb Code    70  stm32f4xx_hal_tim.o(i.TIM_OC4_SetConfig)
    i.TIM_TI1_ConfigInputStage               0x08004818   Section        0  stm32f4xx_hal_tim.o(i.TIM_TI1_ConfigInputStage)
    TIM_TI1_ConfigInputStage                 0x08004819   Thumb Code    34  stm32f4xx_hal_tim.o(i.TIM_TI1_ConfigInputStage)
    i.TIM_TI2_ConfigInputStage               0x0800483a   Section        0  stm32f4xx_hal_tim.o(i.TIM_TI2_ConfigInputStage)
    TIM_TI2_ConfigInputStage                 0x0800483b   Thumb Code    36  stm32f4xx_hal_tim.o(i.TIM_TI2_ConfigInputStage)
    i.UART_DMAAbortOnError                   0x0800485e   Section        0  stm32f4xx_hal_uart.o(i.UART_DMAAbortOnError)
    UART_DMAAbortOnError                     0x0800485f   Thumb Code    16  stm32f4xx_hal_uart.o(i.UART_DMAAbortOnError)
    i.UART_EndRxTransfer                     0x0800486e   Section        0  stm32f4xx_hal_uart.o(i.UART_EndRxTransfer)
    UART_EndRxTransfer                       0x0800486f   Thumb Code    28  stm32f4xx_hal_uart.o(i.UART_EndRxTransfer)
    i.UART_Receive_IT                        0x0800488a   Section        0  stm32f4xx_hal_uart.o(i.UART_Receive_IT)
    UART_Receive_IT                          0x0800488b   Thumb Code   140  stm32f4xx_hal_uart.o(i.UART_Receive_IT)
    i.UART_SetConfig                         0x08004918   Section        0  stm32f4xx_hal_uart.o(i.UART_SetConfig)
    UART_SetConfig                           0x08004919   Thumb Code   676  stm32f4xx_hal_uart.o(i.UART_SetConfig)
    i.UART_Transmit_IT                       0x08004bc4   Section        0  stm32f4xx_hal_uart.o(i.UART_Transmit_IT)
    UART_Transmit_IT                         0x08004bc5   Thumb Code    98  stm32f4xx_hal_uart.o(i.UART_Transmit_IT)
    i.UART_WaitOnFlagUntilTimeout            0x08004c26   Section        0  stm32f4xx_hal_uart.o(i.UART_WaitOnFlagUntilTimeout)
    UART_WaitOnFlagUntilTimeout              0x08004c27   Thumb Code   100  stm32f4xx_hal_uart.o(i.UART_WaitOnFlagUntilTimeout)
    i.USART3_IRQHandler                      0x08004c8c   Section        0  stm32f4xx_it.o(i.USART3_IRQHandler)
    i.UsageFault_Handler                     0x08004c98   Section        0  stm32f4xx_it.o(i.UsageFault_Handler)
    i._Error_Handler                         0x08004c9a   Section        0  main.o(i._Error_Handler)
    i.__ARM_fpclassifyf                      0x08004c9c   Section        0  fpclassifyf.o(i.__ARM_fpclassifyf)
    i.__hardfp_asinf                         0x08004cc4   Section        0  asinf.o(i.__hardfp_asinf)
    i.__hardfp_atan2f                        0x08004df0   Section        0  atan2f.o(i.__hardfp_atan2f)
    i.__hardfp_sqrt                          0x08005040   Section        0  sqrt.o(i.__hardfp_sqrt)
    i.__mathlib_flt_infnan                   0x080050ba   Section        0  funder.o(i.__mathlib_flt_infnan)
    i.__mathlib_flt_infnan2                  0x080050c0   Section        0  funder.o(i.__mathlib_flt_infnan2)
    i.__mathlib_flt_invalid                  0x080050c8   Section        0  funder.o(i.__mathlib_flt_invalid)
    i.__mathlib_flt_underflow                0x080050d8   Section        0  funder.o(i.__mathlib_flt_underflow)
    i.__scatterload_copy                     0x080050e8   Section       14  handlers.o(i.__scatterload_copy)
    i.__scatterload_null                     0x080050f6   Section        2  handlers.o(i.__scatterload_null)
    i.__scatterload_zeroinit                 0x080050f8   Section       14  handlers.o(i.__scatterload_zeroinit)
    i.__set_errno                            0x08005108   Section        0  errno.o(i.__set_errno)
    i._is_digit                              0x08005114   Section        0  scanf_fp.o(i._is_digit)
    i.invSqrt                                0x08005124   Section        0  madgwickahrs.o(i.invSqrt)
    i.main                                   0x08005150   Section        0  main.o(i.main)
    i.sqrtf                                  0x08005304   Section        0  sqrtf.o(i.sqrtf)
    .constdata                               0x08005342   Section        8  stm32f4xx_hal_dma.o(.constdata)
    flagBitshiftOffset                       0x08005342   Data           8  stm32f4xx_hal_dma.o(.constdata)
    .constdata                               0x0800534a   Section       16  system_stm32f4xx.o(.constdata)
    .constdata                               0x0800535a   Section        8  system_stm32f4xx.o(.constdata)
    .constdata                               0x08005362   Section       64  ctype_c.o(.constdata)
    .data                                    0x20000000   Section      252  mpu9250.o(.data)
    .data                                    0x200000fc   Section       20  madgwickahrs.o(.data)
    .data                                    0x20000110   Section       52  main.o(.data)
    .data                                    0x20000144   Section       12  stm32f4xx_hal.o(.data)
    .data                                    0x20000150   Section        4  system_stm32f4xx.o(.data)
    .data                                    0x20000154   Section        4  errno.o(.data)
    _errno                                   0x20000154   Data           4  errno.o(.data)
    .bss                                     0x20000158   Section       21  mpu9250.o(.bss)
    .bss                                     0x20000170   Section      592  neom8n.o(.bss)
    .bss                                     0x200003c0   Section      471  main.o(.bss)
    .bss                                     0x20000598   Section       96  main.o(.bss)
    .bss                                     0x200005f8   Section       96  main.o(.bss)
    STACK                                    0x20000658   Section     1024  startup_stm32f407xx.o(STACK)

    Global Symbols

    Symbol Name                              Value     Ov Type        Size  Object(Section)

    BuildAttributes$$THM_ISAv4$E$P$D$K$B$S$7EM$VFPi3$EXTD16$VFPS$VFMA$PE$A:L22UL41UL21$X:L11$S22US41US21$IEEE1$IW$USESV6$~STKCKD$USESV7$~SHL$OTIME$ROPI$IEEEX$EBA8$MICROLIB$REQ8$PRES8$EABIv2 0x00000000   Number         0  anon$$obj.o ABSOLUTE
    __ARM_use_no_argv                        0x00000000   Number         0  main.o ABSOLUTE
    __cpp_initialize__aeabi_                  - Undefined Weak Reference
    __cxa_finalize                            - Undefined Weak Reference
    _clock_init                               - Undefined Weak Reference
    _microlib_exit                            - Undefined Weak Reference
    _scanf_longlong                           - Undefined Weak Reference
    __Vectors_Size                           0x00000188   Number         0  startup_stm32f407xx.o ABSOLUTE
    __Vectors                                0x08000000   Data           4  startup_stm32f407xx.o(RESET)
    __Vectors_End                            0x08000188   Data           0  startup_stm32f407xx.o(RESET)
    __main                                   0x08000189   Thumb Code     0  entry.o(.ARM.Collect$$$$00000000)
    _main_stk                                0x08000189   Thumb Code     0  entry2.o(.ARM.Collect$$$$00000001)
    _main_scatterload                        0x0800018d   Thumb Code     0  entry5.o(.ARM.Collect$$$$00000004)
    __main_after_scatterload                 0x08000191   Thumb Code     0  entry5.o(.ARM.Collect$$$$00000004)
    _main_clock                              0x08000191   Thumb Code     0  entry7b.o(.ARM.Collect$$$$00000008)
    _main_cpp_init                           0x08000191   Thumb Code     0  entry8b.o(.ARM.Collect$$$$0000000A)
    _main_init                               0x08000191   Thumb Code     0  entry9a.o(.ARM.Collect$$$$0000000B)
    __rt_final_cpp                           0x08000199   Thumb Code     0  entry10a.o(.ARM.Collect$$$$0000000D)
    __rt_final_exit                          0x08000199   Thumb Code     0  entry11a.o(.ARM.Collect$$$$0000000F)
    Reset_Handler                            0x0800019d   Thumb Code     8  startup_stm32f407xx.o(.text)
    ADC_IRQHandler                           0x080001b7   Thumb Code     0  startup_stm32f407xx.o(.text)
    CAN1_RX0_IRQHandler                      0x080001b7   Thumb Code     0  startup_stm32f407xx.o(.text)
    CAN1_RX1_IRQHandler                      0x080001b7   Thumb Code     0  startup_stm32f407xx.o(.text)
    CAN1_SCE_IRQHandler                      0x080001b7   Thumb Code     0  startup_stm32f407xx.o(.text)
    CAN1_TX_IRQHandler                       0x080001b7   Thumb Code     0  startup_stm32f407xx.o(.text)
    CAN2_RX0_IRQHandler                      0x080001b7   Thumb Code     0  startup_stm32f407xx.o(.text)
    CAN2_RX1_IRQHandler                      0x080001b7   Thumb Code     0  startup_stm32f407xx.o(.text)
    CAN2_SCE_IRQHandler                      0x080001b7   Thumb Code     0  startup_stm32f407xx.o(.text)
    CAN2_TX_IRQHandler                       0x080001b7   Thumb Code     0  startup_stm32f407xx.o(.text)
    DCMI_IRQHandler                          0x080001b7   Thumb Code     0  startup_stm32f407xx.o(.text)
    DMA1_Stream0_IRQHandler                  0x080001b7   Thumb Code     0  startup_stm32f407xx.o(.text)
    DMA1_Stream2_IRQHandler                  0x080001b7   Thumb Code     0  startup_stm32f407xx.o(.text)
    DMA1_Stream3_IRQHandler                  0x080001b7   Thumb Code     0  startup_stm32f407xx.o(.text)
    DMA1_Stream4_IRQHandler                  0x080001b7   Thumb Code     0  startup_stm32f407xx.o(.text)
    DMA1_Stream6_IRQHandler                  0x080001b7   Thumb Code     0  startup_stm32f407xx.o(.text)
    DMA1_Stream7_IRQHandler                  0x080001b7   Thumb Code     0  startup_stm32f407xx.o(.text)
    DMA2_Stream0_IRQHandler                  0x080001b7   Thumb Code     0  startup_stm32f407xx.o(.text)
    DMA2_Stream1_IRQHandler                  0x080001b7   Thumb Code     0  startup_stm32f407xx.o(.text)
    DMA2_Stream2_IRQHandler                  0x080001b7   Thumb Code     0  startup_stm32f407xx.o(.text)
    DMA2_Stream3_IRQHandler                  0x080001b7   Thumb Code     0  startup_stm32f407xx.o(.text)
    DMA2_Stream4_IRQHandler                  0x080001b7   Thumb Code     0  startup_stm32f407xx.o(.text)
    DMA2_Stream5_IRQHandler                  0x080001b7   Thumb Code     0  startup_stm32f407xx.o(.text)
    DMA2_Stream6_IRQHandler                  0x080001b7   Thumb Code     0  startup_stm32f407xx.o(.text)
    DMA2_Stream7_IRQHandler                  0x080001b7   Thumb Code     0  startup_stm32f407xx.o(.text)
    ETH_IRQHandler                           0x080001b7   Thumb Code     0  startup_stm32f407xx.o(.text)
    ETH_WKUP_IRQHandler                      0x080001b7   Thumb Code     0  startup_stm32f407xx.o(.text)
    EXTI2_IRQHandler                         0x080001b7   Thumb Code     0  startup_stm32f407xx.o(.text)
    FLASH_IRQHandler                         0x080001b7   Thumb Code     0  startup_stm32f407xx.o(.text)
    FMC_IRQHandler                           0x080001b7   Thumb Code     0  startup_stm32f407xx.o(.text)
    FPU_IRQHandler                           0x080001b7   Thumb Code     0  startup_stm32f407xx.o(.text)
    HASH_RNG_IRQHandler                      0x080001b7   Thumb Code     0  startup_stm32f407xx.o(.text)
    I2C1_ER_IRQHandler                       0x080001b7   Thumb Code     0  startup_stm32f407xx.o(.text)
    I2C1_EV_IRQHandler                       0x080001b7   Thumb Code     0  startup_stm32f407xx.o(.text)
    I2C2_ER_IRQHandler                       0x080001b7   Thumb Code     0  startup_stm32f407xx.o(.text)
    I2C2_EV_IRQHandler                       0x080001b7   Thumb Code     0  startup_stm32f407xx.o(.text)
    I2C3_ER_IRQHandler                       0x080001b7   Thumb Code     0  startup_stm32f407xx.o(.text)
    I2C3_EV_IRQHandler                       0x080001b7   Thumb Code     0  startup_stm32f407xx.o(.text)
    OTG_FS_IRQHandler                        0x080001b7   Thumb Code     0  startup_stm32f407xx.o(.text)
    OTG_FS_WKUP_IRQHandler                   0x080001b7   Thumb Code     0  startup_stm32f407xx.o(.text)
    OTG_HS_EP1_IN_IRQHandler                 0x080001b7   Thumb Code     0  startup_stm32f407xx.o(.text)
    OTG_HS_EP1_OUT_IRQHandler                0x080001b7   Thumb Code     0  startup_stm32f407xx.o(.text)
    OTG_HS_IRQHandler                        0x080001b7   Thumb Code     0  startup_stm32f407xx.o(.text)
    OTG_HS_WKUP_IRQHandler                   0x080001b7   Thumb Code     0  startup_stm32f407xx.o(.text)
    PVD_IRQHandler                           0x080001b7   Thumb Code     0  startup_stm32f407xx.o(.text)
    RCC_IRQHandler                           0x080001b7   Thumb Code     0  startup_stm32f407xx.o(.text)
    RTC_Alarm_IRQHandler                     0x080001b7   Thumb Code     0  startup_stm32f407xx.o(.text)
    RTC_WKUP_IRQHandler                      0x080001b7   Thumb Code     0  startup_stm32f407xx.o(.text)
    SDIO_IRQHandler                          0x080001b7   Thumb Code     0  startup_stm32f407xx.o(.text)
    SPI1_IRQHandler                          0x080001b7   Thumb Code     0  startup_stm32f407xx.o(.text)
    SPI2_IRQHandler                          0x080001b7   Thumb Code     0  startup_stm32f407xx.o(.text)
    SPI3_IRQHandler                          0x080001b7   Thumb Code     0  startup_stm32f407xx.o(.text)
    TAMP_STAMP_IRQHandler                    0x080001b7   Thumb Code     0  startup_stm32f407xx.o(.text)
    TIM1_BRK_TIM9_IRQHandler                 0x080001b7   Thumb Code     0  startup_stm32f407xx.o(.text)
    TIM1_CC_IRQHandler                       0x080001b7   Thumb Code     0  startup_stm32f407xx.o(.text)
    TIM1_TRG_COM_TIM11_IRQHandler            0x080001b7   Thumb Code     0  startup_stm32f407xx.o(.text)
    TIM1_UP_TIM10_IRQHandler                 0x080001b7   Thumb Code     0  startup_stm32f407xx.o(.text)
    TIM4_IRQHandler                          0x080001b7   Thumb Code     0  startup_stm32f407xx.o(.text)
    TIM5_IRQHandler                          0x080001b7   Thumb Code     0  startup_stm32f407xx.o(.text)
    TIM6_DAC_IRQHandler                      0x080001b7   Thumb Code     0  startup_stm32f407xx.o(.text)
    TIM7_IRQHandler                          0x080001b7   Thumb Code     0  startup_stm32f407xx.o(.text)
    TIM8_BRK_TIM12_IRQHandler                0x080001b7   Thumb Code     0  startup_stm32f407xx.o(.text)
    TIM8_CC_IRQHandler                       0x080001b7   Thumb Code     0  startup_stm32f407xx.o(.text)
    TIM8_TRG_COM_TIM14_IRQHandler            0x080001b7   Thumb Code     0  startup_stm32f407xx.o(.text)
    TIM8_UP_TIM13_IRQHandler                 0x080001b7   Thumb Code     0  startup_stm32f407xx.o(.text)
    UART4_IRQHandler                         0x080001b7   Thumb Code     0  startup_stm32f407xx.o(.text)
    UART5_IRQHandler                         0x080001b7   Thumb Code     0  startup_stm32f407xx.o(.text)
    USART1_IRQHandler                        0x080001b7   Thumb Code     0  startup_stm32f407xx.o(.text)
    USART2_IRQHandler                        0x080001b7   Thumb Code     0  startup_stm32f407xx.o(.text)
    USART6_IRQHandler                        0x080001b7   Thumb Code     0  startup_stm32f407xx.o(.text)
    WWDG_IRQHandler                          0x080001b7   Thumb Code     0  startup_stm32f407xx.o(.text)
    __aeabi_uldivmod                         0x080001c1   Thumb Code    98  uldiv.o(.text)
    __aeabi_memset                           0x08000223   Thumb Code    14  memseta.o(.text)
    __aeabi_memset4                          0x08000223   Thumb Code     0  memseta.o(.text)
    __aeabi_memset8                          0x08000223   Thumb Code     0  memseta.o(.text)
    __aeabi_memclr                           0x08000231   Thumb Code     4  memseta.o(.text)
    __aeabi_memclr4                          0x08000231   Thumb Code     0  memseta.o(.text)
    __aeabi_memclr8                          0x08000231   Thumb Code     0  memseta.o(.text)
    _memset$wrapper                          0x08000235   Thumb Code    18  memseta.o(.text)
    __0sscanf                                0x08000249   Thumb Code    48  __0sscanf.o(.text)
    _scanf_string                            0x08000281   Thumb Code   224  _scanf_str.o(.text)
    _scanf_real                              0x08000489   Thumb Code     0  scanf_fp.o(.text)
    _scanf_really_real                       0x08000489   Thumb Code   556  scanf_fp.o(.text)
    __aeabi_dmul                             0x080006c1   Thumb Code   228  dmul.o(.text)
    __aeabi_ddiv                             0x080007a5   Thumb Code   222  ddiv.o(.text)
    __aeabi_f2d                              0x08000883   Thumb Code    38  f2d.o(.text)
    __aeabi_d2f                              0x080008a9   Thumb Code    56  d2f.o(.text)
    __aeabi_llsl                             0x080008e1   Thumb Code    30  llshl.o(.text)
    _ll_shift_l                              0x080008e1   Thumb Code     0  llshl.o(.text)
    __aeabi_llsr                             0x080008ff   Thumb Code    32  llushr.o(.text)
    _ll_ushift_r                             0x080008ff   Thumb Code     0  llushr.o(.text)
    __vfscanf_char                           0x0800092d   Thumb Code    20  scanf_char.o(.text)
    _sgetc                                   0x08000949   Thumb Code    30  _sgetc.o(.text)
    _sbackspace                              0x08000967   Thumb Code    34  _sgetc.o(.text)
    __I$use$fp                               0x08000989   Thumb Code     0  iusefp.o(.text)
    _float_round                             0x08000989   Thumb Code    18  fepilogue.o(.text)
    _float_epilogue                          0x0800099b   Thumb Code    92  fepilogue.o(.text)
    _double_round                            0x080009f7   Thumb Code    30  depilogue.o(.text)
    _double_epilogue                         0x08000a15   Thumb Code   156  depilogue.o(.text)
    _dsqrt                                   0x08000ab1   Thumb Code   162  dsqrt.o(.text)
    __aeabi_ul2d                             0x08000b53   Thumb Code    24  dfltul.o(.text)
    __scatterload                            0x08000b6d   Thumb Code    28  init.o(.text)
    __scatterload_rt2                        0x08000b6d   Thumb Code     0  init.o(.text)
    isspace                                  0x08000b91   Thumb Code    10  isspace_c.o(.text)
    __vfscanf                                0x08000b9d   Thumb Code   808  _scanf.o(.text)
    __ctype_lookup                           0x08000ec9   Thumb Code    34  ctype_c.o(.text)
    __decompress                             0x08000ef1   Thumb Code     0  __dczerorl2.o(.text)
    __decompress1                            0x08000ef1   Thumb Code    86  __dczerorl2.o(.text)
    BusFault_Handler                         0x08000f47   Thumb Code     2  stm32f4xx_it.o(i.BusFault_Handler)
    DMA1_Stream1_IRQHandler                  0x08000f49   Thumb Code     6  stm32f4xx_it.o(i.DMA1_Stream1_IRQHandler)
    DMA1_Stream5_IRQHandler                  0x08000f55   Thumb Code     6  stm32f4xx_it.o(i.DMA1_Stream5_IRQHandler)
    DebugMon_Handler                         0x08000fdd   Thumb Code     2  stm32f4xx_it.o(i.DebugMon_Handler)
    EXTI0_IRQHandler                         0x08000fe1   Thumb Code   138  main.o(i.EXTI0_IRQHandler)
    EXTI15_10_IRQHandler                     0x08001075   Thumb Code     8  stm32f4xx_it.o(i.EXTI15_10_IRQHandler)
    EXTI1_IRQHandler                         0x0800107d   Thumb Code   138  main.o(i.EXTI1_IRQHandler)
    EXTI3_IRQHandler                         0x08001111   Thumb Code   138  main.o(i.EXTI3_IRQHandler)
    EXTI4_IRQHandler                         0x080011a5   Thumb Code   138  main.o(i.EXTI4_IRQHandler)
    EXTI9_5_IRQHandler                       0x08001239   Thumb Code     8  stm32f4xx_it.o(i.EXTI9_5_IRQHandler)
    GPS_Init                                 0x08001241   Thumb Code    16  neom8n.o(i.GPS_Init)
    HAL_DMA_Abort_IT                         0x08001259   Thumb Code    36  stm32f4xx_hal_dma.o(i.HAL_DMA_Abort_IT)
    HAL_DMA_IRQHandler                       0x0800127d   Thumb Code   412  stm32f4xx_hal_dma.o(i.HAL_DMA_IRQHandler)
    HAL_DMA_Init                             0x0800141d   Thumb Code   206  stm32f4xx_hal_dma.o(i.HAL_DMA_Init)
    HAL_Delay                                0x080014f1   Thumb Code    32  stm32f4xx_hal.o(i.HAL_Delay)
    HAL_GPIO_EXTI_Callback                   0x08001515   Thumb Code     2  stm32f4xx_hal_gpio.o(i.HAL_GPIO_EXTI_Callback)
    HAL_GPIO_EXTI_IRQHandler                 0x08001519   Thumb Code    18  stm32f4xx_hal_gpio.o(i.HAL_GPIO_EXTI_IRQHandler)
    HAL_GPIO_Init                            0x08001531   Thumb Code   388  stm32f4xx_hal_gpio.o(i.HAL_GPIO_Init)
    HAL_GPIO_ReadPin                         0x080016e1   Thumb Code    10  stm32f4xx_hal_gpio.o(i.HAL_GPIO_ReadPin)
    HAL_GPIO_WritePin                        0x080016eb   Thumb Code    10  stm32f4xx_hal_gpio.o(i.HAL_GPIO_WritePin)
    HAL_GetTick                              0x080016f5   Thumb Code     6  stm32f4xx_hal.o(i.HAL_GetTick)
    HAL_I2C_Init                             0x08001701   Thumb Code   254  stm32f4xx_hal_i2c.o(i.HAL_I2C_Init)
    HAL_I2C_Master_Receive                   0x08001809   Thumb Code   474  stm32f4xx_hal_i2c.o(i.HAL_I2C_Master_Receive)
    HAL_I2C_Master_Transmit                  0x080019f1   Thumb Code   304  stm32f4xx_hal_i2c.o(i.HAL_I2C_Master_Transmit)
    HAL_I2C_MspInit                          0x08001b29   Thumb Code    62  stm32f4xx_hal_msp.o(i.HAL_I2C_MspInit)
    HAL_IncTick                              0x08001b75   Thumb Code    12  stm32f4xx_hal.o(i.HAL_IncTick)
    HAL_Init                                 0x08001b85   Thumb Code    48  stm32f4xx_hal.o(i.HAL_Init)
    HAL_InitTick                             0x08001bb9   Thumb Code    54  stm32f4xx_hal.o(i.HAL_InitTick)
    HAL_MspInit                              0x08001bf9   Thumb Code   126  stm32f4xx_hal_msp.o(i.HAL_MspInit)
    HAL_NVIC_EnableIRQ                       0x08001c7d   Thumb Code    22  stm32f4xx_hal_cortex.o(i.HAL_NVIC_EnableIRQ)
    HAL_NVIC_SetPriority                     0x08001c95   Thumb Code    60  stm32f4xx_hal_cortex.o(i.HAL_NVIC_SetPriority)
    HAL_NVIC_SetPriorityGrouping             0x08001cd5   Thumb Code    26  stm32f4xx_hal_cortex.o(i.HAL_NVIC_SetPriorityGrouping)
    HAL_RCC_ClockConfig                      0x08001cf9   Thumb Code   286  stm32f4xx_hal_rcc.o(i.HAL_RCC_ClockConfig)
    HAL_RCC_GetHCLKFreq                      0x08001e29   Thumb Code     6  stm32f4xx_hal_rcc.o(i.HAL_RCC_GetHCLKFreq)
    HAL_RCC_GetPCLK1Freq                     0x08001e35   Thumb Code    20  stm32f4xx_hal_rcc.o(i.HAL_RCC_GetPCLK1Freq)
    HAL_RCC_GetPCLK2Freq                     0x08001e55   Thumb Code    20  stm32f4xx_hal_rcc.o(i.HAL_RCC_GetPCLK2Freq)
    HAL_RCC_GetSysClockFreq                  0x08001e75   Thumb Code    88  stm32f4xx_hal_rcc.o(i.HAL_RCC_GetSysClockFreq)
    HAL_RCC_OscConfig                        0x08001ed5   Thumb Code   770  stm32f4xx_hal_rcc.o(i.HAL_RCC_OscConfig)
    HAL_SYSTICK_CLKSourceConfig              0x080021f1   Thumb Code    24  stm32f4xx_hal_cortex.o(i.HAL_SYSTICK_CLKSourceConfig)
    HAL_SYSTICK_Callback                     0x08002209   Thumb Code     2  stm32f4xx_hal_cortex.o(i.HAL_SYSTICK_Callback)
    HAL_SYSTICK_Config                       0x0800220b   Thumb Code    40  stm32f4xx_hal_cortex.o(i.HAL_SYSTICK_Config)
    HAL_SYSTICK_IRQHandler                   0x08002233   Thumb Code     8  stm32f4xx_hal_cortex.o(i.HAL_SYSTICK_IRQHandler)
    HAL_TIMEx_BreakCallback                  0x0800223b   Thumb Code     2  stm32f4xx_hal_tim_ex.o(i.HAL_TIMEx_BreakCallback)
    HAL_TIMEx_CommutationCallback            0x0800223d   Thumb Code     2  stm32f4xx_hal_tim_ex.o(i.HAL_TIMEx_CommutationCallback)
    HAL_TIMEx_MasterConfigSynchronization    0x0800223f   Thumb Code    80  stm32f4xx_hal_tim_ex.o(i.HAL_TIMEx_MasterConfigSynchronization)
    HAL_TIM_Base_Init                        0x0800228f   Thumb Code    54  stm32f4xx_hal_tim.o(i.HAL_TIM_Base_Init)
    HAL_TIM_Base_MspInit                     0x080022c5   Thumb Code    86  stm32f4xx_hal_msp.o(i.HAL_TIM_Base_MspInit)
    HAL_TIM_Base_Start_IT                    0x08002325   Thumb Code    24  stm32f4xx_hal_tim.o(i.HAL_TIM_Base_Start_IT)
    HAL_TIM_ConfigClockSource                0x0800233d   Thumb Code   242  stm32f4xx_hal_tim.o(i.HAL_TIM_ConfigClockSource)
    HAL_TIM_IC_CaptureCallback               0x0800242f   Thumb Code     2  stm32f4xx_hal_tim.o(i.HAL_TIM_IC_CaptureCallback)
    HAL_TIM_IRQHandler                       0x08002431   Thumb Code   358  stm32f4xx_hal_tim.o(i.HAL_TIM_IRQHandler)
    HAL_TIM_MspPostInit                      0x08002599   Thumb Code    42  stm32f4xx_hal_msp.o(i.HAL_TIM_MspPostInit)
    HAL_TIM_OC_DelayElapsedCallback          0x080025cd   Thumb Code     2  stm32f4xx_hal_tim.o(i.HAL_TIM_OC_DelayElapsedCallback)
    HAL_TIM_PWM_ConfigChannel                0x080025cf   Thumb Code   208  stm32f4xx_hal_tim.o(i.HAL_TIM_PWM_ConfigChannel)
    HAL_TIM_PWM_Init                         0x0800269f   Thumb Code    54  stm32f4xx_hal_tim.o(i.HAL_TIM_PWM_Init)
    HAL_TIM_PWM_MspInit                      0x080026d5   Thumb Code    30  stm32f4xx_hal_msp.o(i.HAL_TIM_PWM_MspInit)
    HAL_TIM_PWM_PulseFinishedCallback        0x080026fd   Thumb Code     2  stm32f4xx_hal_tim.o(i.HAL_TIM_PWM_PulseFinishedCallback)
    HAL_TIM_PWM_Start                        0x08002701   Thumb Code    48  stm32f4xx_hal_tim.o(i.HAL_TIM_PWM_Start)
    HAL_TIM_PeriodElapsedCallback            0x08002739   Thumb Code     2  stm32f4xx_hal_tim.o(i.HAL_TIM_PeriodElapsedCallback)
    HAL_TIM_TriggerCallback                  0x0800273b   Thumb Code     2  stm32f4xx_hal_tim.o(i.HAL_TIM_TriggerCallback)
    HAL_UART_ErrorCallback                   0x0800273d   Thumb Code     2  stm32f4xx_hal_uart.o(i.HAL_UART_ErrorCallback)
    HAL_UART_IRQHandler                      0x08002741   Thumb Code   266  stm32f4xx_hal_uart.o(i.HAL_UART_IRQHandler)
    HAL_UART_Init                            0x08002851   Thumb Code    98  stm32f4xx_hal_uart.o(i.HAL_UART_Init)
    HAL_UART_MspInit                         0x080028b5   Thumb Code   314  stm32f4xx_hal_msp.o(i.HAL_UART_MspInit)
    HAL_UART_Receive                         0x08002a35   Thumb Code   184  stm32f4xx_hal_uart.o(i.HAL_UART_Receive)
    HAL_UART_Receive_IT                      0x08002aed   Thumb Code    72  stm32f4xx_hal_uart.o(i.HAL_UART_Receive_IT)
    HAL_UART_RxCpltCallback                  0x08002b35   Thumb Code    86  main.o(i.HAL_UART_RxCpltCallback)
    HAL_UART_TxCpltCallback                  0x08002ba5   Thumb Code     2  stm32f4xx_hal_uart.o(i.HAL_UART_TxCpltCallback)
    HardFault_Handler                        0x08002ba7   Thumb Code     2  stm32f4xx_it.o(i.HardFault_Handler)
    MPU9250_Calib_Gyro                       0x08002f2d   Thumb Code   186  mpu9250.o(i.MPU9250_Calib_Gyro)
    MPU9250_Calib_Mag                        0x08002ff1   Thumb Code   816  mpu9250.o(i.MPU9250_Calib_Mag)
    MPU9250_Get_Angles                       0x08003329   Thumb Code   626  mpu9250.o(i.MPU9250_Get_Angles)
    MPU9250_Init_All                         0x080035b9   Thumb Code   506  mpu9250.o(i.MPU9250_Init_All)
    MPU9250_Read_All                         0x080037d1   Thumb Code    94  mpu9250.o(i.MPU9250_Read_All)
    MPU9250_Read_Mag                         0x08003839   Thumb Code   118  mpu9250.o(i.MPU9250_Read_Mag)
    MPU9250_Write_Mag                        0x080038b5   Thumb Code   116  mpu9250.o(i.MPU9250_Write_Mag)
    MadgwickAHRSupdate                       0x08003bc1   Thumb Code  1454  madgwickahrs.o(i.MadgwickAHRSupdate)
    MadgwickAHRSupdateIMU                    0x08004175   Thumb Code   668  madgwickahrs.o(i.MadgwickAHRSupdateIMU)
    MemManage_Handler                        0x08004419   Thumb Code     2  stm32f4xx_it.o(i.MemManage_Handler)
    NMI_Handler                              0x0800441b   Thumb Code     2  stm32f4xx_it.o(i.NMI_Handler)
    PendSV_Handler                           0x0800443d   Thumb Code     2  stm32f4xx_it.o(i.PendSV_Handler)
    SVC_Handler                              0x0800443f   Thumb Code     2  stm32f4xx_it.o(i.SVC_Handler)
    SysTick_Handler                          0x08004441   Thumb Code    14  stm32f4xx_it.o(i.SysTick_Handler)
    SystemClock_Config                       0x08004451   Thumb Code   148  main.o(i.SystemClock_Config)
    SystemInit                               0x080044ed   Thumb Code    66  system_stm32f4xx.o(i.SystemInit)
    TIM2_IRQHandler                          0x08004541   Thumb Code    54  main.o(i.TIM2_IRQHandler)
    TIM3_IRQHandler                          0x0800458d   Thumb Code    26  main.o(i.TIM3_IRQHandler)
    TIM_Base_SetConfig                       0x080045b1   Thumb Code   148  stm32f4xx_hal_tim.o(i.TIM_Base_SetConfig)
    TIM_CCxChannelCmd                        0x08004671   Thumb Code    22  stm32f4xx_hal_tim.o(i.TIM_CCxChannelCmd)
    TIM_OC2_SetConfig                        0x08004705   Thumb Code    90  stm32f4xx_hal_tim.o(i.TIM_OC2_SetConfig)
    USART3_IRQHandler                        0x08004c8d   Thumb Code     6  stm32f4xx_it.o(i.USART3_IRQHandler)
    UsageFault_Handler                       0x08004c99   Thumb Code     2  stm32f4xx_it.o(i.UsageFault_Handler)
    _Error_Handler                           0x08004c9b   Thumb Code     2  main.o(i._Error_Handler)
    __ARM_fpclassifyf                        0x08004c9d   Thumb Code    38  fpclassifyf.o(i.__ARM_fpclassifyf)
    __hardfp_asinf                           0x08004cc5   Thumb Code   258  asinf.o(i.__hardfp_asinf)
    __hardfp_atan2f                          0x08004df1   Thumb Code   502  atan2f.o(i.__hardfp_atan2f)
    __hardfp_sqrt                            0x08005041   Thumb Code   122  sqrt.o(i.__hardfp_sqrt)
    __mathlib_flt_infnan                     0x080050bb   Thumb Code     6  funder.o(i.__mathlib_flt_infnan)
    __mathlib_flt_infnan2                    0x080050c1   Thumb Code     6  funder.o(i.__mathlib_flt_infnan2)
    __mathlib_flt_invalid                    0x080050c9   Thumb Code    10  funder.o(i.__mathlib_flt_invalid)
    __mathlib_flt_underflow                  0x080050d9   Thumb Code    10  funder.o(i.__mathlib_flt_underflow)
    __scatterload_copy                       0x080050e9   Thumb Code    14  handlers.o(i.__scatterload_copy)
    __scatterload_null                       0x080050f7   Thumb Code     2  handlers.o(i.__scatterload_null)
    __scatterload_zeroinit                   0x080050f9   Thumb Code    14  handlers.o(i.__scatterload_zeroinit)
    __set_errno                              0x08005109   Thumb Code     6  errno.o(i.__set_errno)
    _is_digit                                0x08005115   Thumb Code    14  scanf_fp.o(i._is_digit)
    invSqrt                                  0x08005125   Thumb Code    40  madgwickahrs.o(i.invSqrt)
    main                                     0x08005151   Thumb Code   388  main.o(i.main)
    sqrtf                                    0x08005305   Thumb Code    62  sqrtf.o(i.sqrtf)
    AHBPrescTable                            0x0800534a   Data          16  system_stm32f4xx.o(.constdata)
    APBPrescTable                            0x0800535a   Data           8  system_stm32f4xx.o(.constdata)
    __ctype_categories                       0x08005362   Data          64  ctype_c.o(.constdata)
    Region$$Table$$Base                      0x080053a4   Number         0  anon$$obj.o(Region$$Table)
    Region$$Table$$Limit                     0x080053c4   Number         0  anon$$obj.o(Region$$Table)
    reg                                      0x20000000   Data           1  mpu9250.o(.data)
    reg_mag                                  0x20000001   Data           1  mpu9250.o(.data)
    _coeff                                   0x20000002   Data           1  mpu9250.o(.data)
    _maxCounts                               0x20000004   Data           2  mpu9250.o(.data)
    d                                        0x20000006   Data           2  mpu9250.o(.data)
    gyro_x                                   0x20000008   Data           2  mpu9250.o(.data)
    gyro_y                                   0x2000000a   Data           2  mpu9250.o(.data)
    gyro_z                                   0x2000000c   Data           2  mpu9250.o(.data)
    mag_x                                    0x2000000e   Data           2  mpu9250.o(.data)
    mag_y                                    0x20000010   Data           2  mpu9250.o(.data)
    mag_z                                    0x20000012   Data           2  mpu9250.o(.data)
    acc_x                                    0x20000014   Data           2  mpu9250.o(.data)
    acc_y                                    0x20000016   Data           2  mpu9250.o(.data)
    acc_z                                    0x20000018   Data           2  mpu9250.o(.data)
    _counter                                 0x2000001a   Data           2  mpu9250.o(.data)
    _deltaThresh                             0x2000001c   Data           4  mpu9250.o(.data)
    _hxs                                     0x20000020   Data           4  mpu9250.o(.data)
    _hys                                     0x20000024   Data           4  mpu9250.o(.data)
    _hzs                                     0x20000028   Data           4  mpu9250.o(.data)
    _axs                                     0x2000002c   Data           4  mpu9250.o(.data)
    _ays                                     0x20000030   Data           4  mpu9250.o(.data)
    _azs                                     0x20000034   Data           4  mpu9250.o(.data)
    ax                                       0x20000038   Data           4  mpu9250.o(.data)
    ay                                       0x2000003c   Data           4  mpu9250.o(.data)
    az                                       0x20000040   Data           4  mpu9250.o(.data)
    gx                                       0x20000044   Data           4  mpu9250.o(.data)
    gy                                       0x20000048   Data           4  mpu9250.o(.data)
    gz                                       0x2000004c   Data           4  mpu9250.o(.data)
    mx                                       0x20000050   Data           4  mpu9250.o(.data)
    my                                       0x20000054   Data           4  mpu9250.o(.data)
    mz                                       0x20000058   Data           4  mpu9250.o(.data)
    _magScaleX                               0x2000005c   Data           4  mpu9250.o(.data)
    _magScaleY                               0x20000060   Data           4  mpu9250.o(.data)
    _magScaleZ                               0x20000064   Data           4  mpu9250.o(.data)
    gyro_scale                               0x20000068   Data           4  mpu9250.o(.data)
    acc_scale                                0x2000006c   Data           4  mpu9250.o(.data)
    gyro_x_cal                               0x20000070   Data           4  mpu9250.o(.data)
    gyro_y_cal                               0x20000074   Data           4  mpu9250.o(.data)
    gyro_z_cal                               0x20000078   Data           4  mpu9250.o(.data)
    acc_x_cal                                0x2000007c   Data           4  mpu9250.o(.data)
    acc_y_cal                                0x20000080   Data           4  mpu9250.o(.data)
    acc_z_cal                                0x20000084   Data           4  mpu9250.o(.data)
    _yaw                                     0x20000088   Data           4  mpu9250.o(.data)
    _pitch                                   0x2000008c   Data           4  mpu9250.o(.data)
    _roll                                    0x20000090   Data           4  mpu9250.o(.data)
    _framedelta                              0x20000094   Data           4  mpu9250.o(.data)
    _delta                                   0x20000098   Data           4  mpu9250.o(.data)
    _hxfilt                                  0x2000009c   Data           4  mpu9250.o(.data)
    _hyfilt                                  0x200000a0   Data           4  mpu9250.o(.data)
    _hzfilt                                  0x200000a4   Data           4  mpu9250.o(.data)
    _hxmax                                   0x200000a8   Data           4  mpu9250.o(.data)
    _hymax                                   0x200000ac   Data           4  mpu9250.o(.data)
    _hzmax                                   0x200000b0   Data           4  mpu9250.o(.data)
    _hxmin                                   0x200000b4   Data           4  mpu9250.o(.data)
    _hymin                                   0x200000b8   Data           4  mpu9250.o(.data)
    _hzmin                                   0x200000bc   Data           4  mpu9250.o(.data)
    _hxb                                     0x200000c0   Data           4  mpu9250.o(.data)
    _hyb                                     0x200000c4   Data           4  mpu9250.o(.data)
    _hzb                                     0x200000c8   Data           4  mpu9250.o(.data)
    _avgs                                    0x200000cc   Data           4  mpu9250.o(.data)
    _axmax                                   0x200000d0   Data           4  mpu9250.o(.data)
    _aymax                                   0x200000d4   Data           4  mpu9250.o(.data)
    _azmax                                   0x200000d8   Data           4  mpu9250.o(.data)
    _axmin                                   0x200000dc   Data           4  mpu9250.o(.data)
    _aymin                                   0x200000e0   Data           4  mpu9250.o(.data)
    _azmin                                   0x200000e4   Data           4  mpu9250.o(.data)
    _axb                                     0x200000e8   Data           4  mpu9250.o(.data)
    _ayb                                     0x200000ec   Data           4  mpu9250.o(.data)
    _azb                                     0x200000f0   Data           4  mpu9250.o(.data)
    data_mag                                 0x200000f4   Data           8  mpu9250.o(.data)
    beta                                     0x200000fc   Data           4  madgwickahrs.o(.data)
    q0                                       0x20000100   Data           4  madgwickahrs.o(.data)
    q1                                       0x20000104   Data           4  madgwickahrs.o(.data)
    q2                                       0x20000108   Data           4  madgwickahrs.o(.data)
    q3                                       0x2000010c   Data           4  madgwickahrs.o(.data)
    state_r                                  0x20000110   Data           1  main.o(.data)
    state_l                                  0x20000111   Data           1  main.o(.data)
    _a                                       0x20000112   Data           1  main.o(.data)
    _b                                       0x20000113   Data           1  main.o(.data)
    _c                                       0x20000114   Data           1  main.o(.data)
    _d                                       0x20000115   Data           1  main.o(.data)
    prestate_r                               0x20000116   Data           1  main.o(.data)
    prestate_l                               0x20000117   Data           1  main.o(.data)
    data_receive_2                           0x20000118   Data           1  main.o(.data)
    xung_l                                   0x2000011c   Data           4  main.o(.data)
    xung_r                                   0x20000120   Data           4  main.o(.data)
    pulse_l                                  0x20000124   Data           4  main.o(.data)
    pulse_r                                  0x20000128   Data           4  main.o(.data)
    data_x                                   0x2000012c   Data           4  main.o(.data)
    data_y                                   0x20000130   Data           4  main.o(.data)
    roll                                     0x20000134   Data           4  main.o(.data)
    pitch                                    0x20000138   Data           4  main.o(.data)
    yaw                                      0x2000013c   Data           4  main.o(.data)
    yaw_heading                              0x20000140   Data           4  main.o(.data)
    uwTickFreq                               0x20000144   Data           1  stm32f4xx_hal.o(.data)
    uwTickPrio                               0x20000148   Data           4  stm32f4xx_hal.o(.data)
    uwTick                                   0x2000014c   Data           4  stm32f4xx_hal.o(.data)
    SystemCoreClock                          0x20000150   Data           4  system_stm32f4xx.o(.data)
    data                                     0x20000158   Data          21  mpu9250.o(.bss)
    GPS                                      0x20000170   Data         592  neom8n.o(.bss)
    hi2c1                                    0x200003c0   Data          84  main.o(.bss)
    htim2                                    0x20000414   Data          60  main.o(.bss)
    htim3                                    0x20000450   Data          60  main.o(.bss)
    htim4                                    0x2000048c   Data          60  main.o(.bss)
    huart2                                   0x200004c8   Data          64  main.o(.bss)
    huart3                                   0x20000508   Data          64  main.o(.bss)
    huart6                                   0x20000548   Data          64  main.o(.bss)
    data_receive                             0x20000588   Data          15  main.o(.bss)
    hdma_usart2_rx                           0x20000598   Data          96  main.o(.bss)
    hdma_usart3_rx                           0x200005f8   Data          96  main.o(.bss)
    __initial_sp                             0x20000a58   Data           0  startup_stm32f407xx.o(STACK)



==============================================================================

Memory Map of the image

  Image Entry point : 0x08000189

  Load Region LR_IROM1 (Base: 0x08000000, Size: 0x0000551c, Max: 0x00100000, ABSOLUTE, COMPRESSED[0x000053e8])

    Execution Region ER_IROM1 (Exec base: 0x08000000, Load base: 0x08000000, Size: 0x000053c4, Max: 0x00100000, ABSOLUTE)

    Exec Addr    Load Addr    Size         Type   Attr      Idx    E Section Name        Object

    0x08000000   0x08000000   0x00000188   Data   RO            3    RESET               startup_stm32f407xx.o
    0x08000188   0x08000188   0x00000000   Code   RO         3604  * .ARM.Collect$$$$00000000  mc_w.l(entry.o)
    0x08000188   0x08000188   0x00000004   Code   RO         3716    .ARM.Collect$$$$00000001  mc_w.l(entry2.o)
    0x0800018c   0x0800018c   0x00000004   Code   RO         3719    .ARM.Collect$$$$00000004  mc_w.l(entry5.o)
    0x08000190   0x08000190   0x00000000   Code   RO         3721    .ARM.Collect$$$$00000008  mc_w.l(entry7b.o)
    0x08000190   0x08000190   0x00000000   Code   RO         3723    .ARM.Collect$$$$0000000A  mc_w.l(entry8b.o)
    0x08000190   0x08000190   0x00000008   Code   RO         3724    .ARM.Collect$$$$0000000B  mc_w.l(entry9a.o)
    0x08000198   0x08000198   0x00000000   Code   RO         3726    .ARM.Collect$$$$0000000D  mc_w.l(entry10a.o)
    0x08000198   0x08000198   0x00000000   Code   RO         3728    .ARM.Collect$$$$0000000F  mc_w.l(entry11a.o)
    0x08000198   0x08000198   0x00000004   Code   RO         3717    .ARM.Collect$$$$00002712  mc_w.l(entry2.o)
    0x0800019c   0x0800019c   0x00000024   Code   RO            4    .text               startup_stm32f407xx.o
    0x080001c0   0x080001c0   0x00000062   Code   RO         3607    .text               mc_w.l(uldiv.o)
    0x08000222   0x08000222   0x00000024   Code   RO         3609    .text               mc_w.l(memseta.o)
    0x08000246   0x08000246   0x00000002   PAD
    0x08000248   0x08000248   0x00000038   Code   RO         3615    .text               mc_w.l(__0sscanf.o)
    0x08000280   0x08000280   0x000000e0   Code   RO         3619    .text               mc_w.l(_scanf_str.o)
    0x08000360   0x08000360   0x00000360   Code   RO         3621    .text               mc_w.l(scanf_fp.o)
    0x080006c0   0x080006c0   0x000000e4   Code   RO         3627    .text               mf_w.l(dmul.o)
    0x080007a4   0x080007a4   0x000000de   Code   RO         3629    .text               mf_w.l(ddiv.o)
    0x08000882   0x08000882   0x00000026   Code   RO         3633    .text               mf_w.l(f2d.o)
    0x080008a8   0x080008a8   0x00000038   Code   RO         3637    .text               mf_w.l(d2f.o)
    0x080008e0   0x080008e0   0x0000001e   Code   RO         3730    .text               mc_w.l(llshl.o)
    0x080008fe   0x080008fe   0x00000020   Code   RO         3732    .text               mc_w.l(llushr.o)
    0x0800091e   0x0800091e   0x00000002   PAD
    0x08000920   0x08000920   0x00000028   Code   RO         3745    .text               mc_w.l(scanf_char.o)
    0x08000948   0x08000948   0x00000040   Code   RO         3747    .text               mc_w.l(_sgetc.o)
    0x08000988   0x08000988   0x00000000   Code   RO         3749    .text               mc_w.l(iusefp.o)
    0x08000988   0x08000988   0x0000006e   Code   RO         3750    .text               mf_w.l(fepilogue.o)
    0x080009f6   0x080009f6   0x000000ba   Code   RO         3752    .text               mf_w.l(depilogue.o)
    0x08000ab0   0x08000ab0   0x000000a2   Code   RO         3756    .text               mf_w.l(dsqrt.o)
    0x08000b52   0x08000b52   0x00000018   Code   RO         3760    .text               mf_w.l(dfltul.o)
    0x08000b6a   0x08000b6a   0x00000002   PAD
    0x08000b6c   0x08000b6c   0x00000024   Code   RO         3766    .text               mc_w.l(init.o)
    0x08000b90   0x08000b90   0x0000000a   Code   RO         3768    .text               mc_w.l(isspace_c.o)
    0x08000b9a   0x08000b9a   0x00000002   PAD
    0x08000b9c   0x08000b9c   0x0000032c   Code   RO         3770    .text               mc_w.l(_scanf.o)
    0x08000ec8   0x08000ec8   0x00000028   Code   RO         3776    .text               mc_w.l(ctype_c.o)
    0x08000ef0   0x08000ef0   0x00000056   Code   RO         3787    .text               mc_w.l(__dczerorl2.o)
    0x08000f46   0x08000f46   0x00000002   Code   RO          564    i.BusFault_Handler  stm32f4xx_it.o
    0x08000f48   0x08000f48   0x0000000c   Code   RO          565    i.DMA1_Stream1_IRQHandler  stm32f4xx_it.o
    0x08000f54   0x08000f54   0x0000000c   Code   RO          566    i.DMA1_Stream5_IRQHandler  stm32f4xx_it.o
    0x08000f60   0x08000f60   0x00000028   Code   RO         2899    i.DMA_CalcBaseAndBitshift  stm32f4xx_hal_dma.o
    0x08000f88   0x08000f88   0x00000054   Code   RO         2900    i.DMA_CheckFifoParam  stm32f4xx_hal_dma.o
    0x08000fdc   0x08000fdc   0x00000002   Code   RO          567    i.DebugMon_Handler  stm32f4xx_it.o
    0x08000fde   0x08000fde   0x00000002   PAD
    0x08000fe0   0x08000fe0   0x00000094   Code   RO          426    i.EXTI0_IRQHandler  main.o
    0x08001074   0x08001074   0x00000008   Code   RO          568    i.EXTI15_10_IRQHandler  stm32f4xx_it.o
    0x0800107c   0x0800107c   0x00000094   Code   RO          427    i.EXTI1_IRQHandler  main.o
    0x08001110   0x08001110   0x00000094   Code   RO          428    i.EXTI3_IRQHandler  main.o
    0x080011a4   0x080011a4   0x00000094   Code   RO          429    i.EXTI4_IRQHandler  main.o
    0x08001238   0x08001238   0x00000008   Code   RO          569    i.EXTI9_5_IRQHandler  stm32f4xx_it.o
    0x08001240   0x08001240   0x00000018   Code   RO          236    i.GPS_Init          neom8n.o
    0x08001258   0x08001258   0x00000024   Code   RO         2903    i.HAL_DMA_Abort_IT  stm32f4xx_hal_dma.o
    0x0800127c   0x0800127c   0x000001a0   Code   RO         2907    i.HAL_DMA_IRQHandler  stm32f4xx_hal_dma.o
    0x0800141c   0x0800141c   0x000000d4   Code   RO         2908    i.HAL_DMA_Init      stm32f4xx_hal_dma.o
    0x080014f0   0x080014f0   0x00000024   Code   RO         3321    i.HAL_Delay         stm32f4xx_hal.o
    0x08001514   0x08001514   0x00000002   Code   RO         2793    i.HAL_GPIO_EXTI_Callback  stm32f4xx_hal_gpio.o
    0x08001516   0x08001516   0x00000002   PAD
    0x08001518   0x08001518   0x00000018   Code   RO         2794    i.HAL_GPIO_EXTI_IRQHandler  stm32f4xx_hal_gpio.o
    0x08001530   0x08001530   0x000001b0   Code   RO         2795    i.HAL_GPIO_Init     stm32f4xx_hal_gpio.o
    0x080016e0   0x080016e0   0x0000000a   Code   RO         2797    i.HAL_GPIO_ReadPin  stm32f4xx_hal_gpio.o
    0x080016ea   0x080016ea   0x0000000a   Code   RO         2799    i.HAL_GPIO_WritePin  stm32f4xx_hal_gpio.o
    0x080016f4   0x080016f4   0x0000000c   Code   RO         3327    i.HAL_GetTick       stm32f4xx_hal.o
    0x08001700   0x08001700   0x00000108   Code   RO          839    i.HAL_I2C_Init      stm32f4xx_hal_i2c.o
    0x08001808   0x08001808   0x000001e8   Code   RO          845    i.HAL_I2C_Master_Receive  stm32f4xx_hal_i2c.o
    0x080019f0   0x080019f0   0x00000138   Code   RO          850    i.HAL_I2C_Master_Transmit  stm32f4xx_hal_i2c.o
    0x08001b28   0x08001b28   0x0000004c   Code   RO          671    i.HAL_I2C_MspInit   stm32f4xx_hal_msp.o
    0x08001b74   0x08001b74   0x00000010   Code   RO         3331    i.HAL_IncTick       stm32f4xx_hal.o
    0x08001b84   0x08001b84   0x00000034   Code   RO         3332    i.HAL_Init          stm32f4xx_hal.o
    0x08001bb8   0x08001bb8   0x00000040   Code   RO         3333    i.HAL_InitTick      stm32f4xx_hal.o
    0x08001bf8   0x08001bf8   0x00000084   Code   RO          672    i.HAL_MspInit       stm32f4xx_hal_msp.o
    0x08001c7c   0x08001c7c   0x00000016   Code   RO         3184    i.HAL_NVIC_EnableIRQ  stm32f4xx_hal_cortex.o
    0x08001c92   0x08001c92   0x00000002   PAD
    0x08001c94   0x08001c94   0x00000040   Code   RO         3190    i.HAL_NVIC_SetPriority  stm32f4xx_hal_cortex.o
    0x08001cd4   0x08001cd4   0x00000024   Code   RO         3191    i.HAL_NVIC_SetPriorityGrouping  stm32f4xx_hal_cortex.o
    0x08001cf8   0x08001cf8   0x00000130   Code   RO         2441    i.HAL_RCC_ClockConfig  stm32f4xx_hal_rcc.o
    0x08001e28   0x08001e28   0x0000000c   Code   RO         2446    i.HAL_RCC_GetHCLKFreq  stm32f4xx_hal_rcc.o
    0x08001e34   0x08001e34   0x00000020   Code   RO         2448    i.HAL_RCC_GetPCLK1Freq  stm32f4xx_hal_rcc.o
    0x08001e54   0x08001e54   0x00000020   Code   RO         2449    i.HAL_RCC_GetPCLK2Freq  stm32f4xx_hal_rcc.o
    0x08001e74   0x08001e74   0x00000060   Code   RO         2450    i.HAL_RCC_GetSysClockFreq  stm32f4xx_hal_rcc.o
    0x08001ed4   0x08001ed4   0x0000031c   Code   RO         2453    i.HAL_RCC_OscConfig  stm32f4xx_hal_rcc.o
    0x080021f0   0x080021f0   0x00000018   Code   RO         3193    i.HAL_SYSTICK_CLKSourceConfig  stm32f4xx_hal_cortex.o
    0x08002208   0x08002208   0x00000002   Code   RO         3194    i.HAL_SYSTICK_Callback  stm32f4xx_hal_cortex.o
    0x0800220a   0x0800220a   0x00000028   Code   RO         3195    i.HAL_SYSTICK_Config  stm32f4xx_hal_cortex.o
    0x08002232   0x08002232   0x00000008   Code   RO         3196    i.HAL_SYSTICK_IRQHandler  stm32f4xx_hal_cortex.o
    0x0800223a   0x0800223a   0x00000002   Code   RO         1875    i.HAL_TIMEx_BreakCallback  stm32f4xx_hal_tim_ex.o
    0x0800223c   0x0800223c   0x00000002   Code   RO         1876    i.HAL_TIMEx_CommutationCallback  stm32f4xx_hal_tim_ex.o
    0x0800223e   0x0800223e   0x00000050   Code   RO         1892    i.HAL_TIMEx_MasterConfigSynchronization  stm32f4xx_hal_tim_ex.o
    0x0800228e   0x0800228e   0x00000036   Code   RO         1246    i.HAL_TIM_Base_Init  stm32f4xx_hal_tim.o
    0x080022c4   0x080022c4   0x00000060   Code   RO          674    i.HAL_TIM_Base_MspInit  stm32f4xx_hal_msp.o
    0x08002324   0x08002324   0x00000018   Code   RO         1251    i.HAL_TIM_Base_Start_IT  stm32f4xx_hal_tim.o
    0x0800233c   0x0800233c   0x000000f2   Code   RO         1255    i.HAL_TIM_ConfigClockSource  stm32f4xx_hal_tim.o
    0x0800242e   0x0800242e   0x00000002   Code   RO         1275    i.HAL_TIM_IC_CaptureCallback  stm32f4xx_hal_tim.o
    0x08002430   0x08002430   0x00000166   Code   RO         1288    i.HAL_TIM_IRQHandler  stm32f4xx_hal_tim.o
    0x08002596   0x08002596   0x00000002   PAD
    0x08002598   0x08002598   0x00000034   Code   RO          675    i.HAL_TIM_MspPostInit  stm32f4xx_hal_msp.o
    0x080025cc   0x080025cc   0x00000002   Code   RO         1291    i.HAL_TIM_OC_DelayElapsedCallback  stm32f4xx_hal_tim.o
    0x080025ce   0x080025ce   0x000000d0   Code   RO         1312    i.HAL_TIM_PWM_ConfigChannel  stm32f4xx_hal_tim.o
    0x0800269e   0x0800269e   0x00000036   Code   RO         1315    i.HAL_TIM_PWM_Init  stm32f4xx_hal_tim.o
    0x080026d4   0x080026d4   0x00000028   Code   RO          677    i.HAL_TIM_PWM_MspInit  stm32f4xx_hal_msp.o
    0x080026fc   0x080026fc   0x00000002   Code   RO         1318    i.HAL_TIM_PWM_PulseFinishedCallback  stm32f4xx_hal_tim.o
    0x080026fe   0x080026fe   0x00000002   PAD
    0x08002700   0x08002700   0x00000038   Code   RO         1319    i.HAL_TIM_PWM_Start  stm32f4xx_hal_tim.o
    0x08002738   0x08002738   0x00000002   Code   RO         1325    i.HAL_TIM_PeriodElapsedCallback  stm32f4xx_hal_tim.o
    0x0800273a   0x0800273a   0x00000002   Code   RO         1329    i.HAL_TIM_TriggerCallback  stm32f4xx_hal_tim.o
    0x0800273c   0x0800273c   0x00000002   Code   RO         2135    i.HAL_UART_ErrorCallback  stm32f4xx_hal_uart.o
    0x0800273e   0x0800273e   0x00000002   PAD
    0x08002740   0x08002740   0x00000110   Code   RO         2138    i.HAL_UART_IRQHandler  stm32f4xx_hal_uart.o
    0x08002850   0x08002850   0x00000062   Code   RO         2139    i.HAL_UART_Init     stm32f4xx_hal_uart.o
    0x080028b2   0x080028b2   0x00000002   PAD
    0x080028b4   0x080028b4   0x00000180   Code   RO          679    i.HAL_UART_MspInit  stm32f4xx_hal_msp.o
    0x08002a34   0x08002a34   0x000000b8   Code   RO         2142    i.HAL_UART_Receive  stm32f4xx_hal_uart.o
    0x08002aec   0x08002aec   0x00000048   Code   RO         2144    i.HAL_UART_Receive_IT  stm32f4xx_hal_uart.o
    0x08002b34   0x08002b34   0x00000070   Code   RO          430    i.HAL_UART_RxCpltCallback  main.o
    0x08002ba4   0x08002ba4   0x00000002   Code   RO         2150    i.HAL_UART_TxCpltCallback  stm32f4xx_hal_uart.o
    0x08002ba6   0x08002ba6   0x00000002   Code   RO          570    i.HardFault_Handler  stm32f4xx_it.o
    0x08002ba8   0x08002ba8   0x00000028   Code   RO          877    i.I2C_IsAcknowledgeFailed  stm32f4xx_hal_i2c.o
    0x08002bd0   0x08002bd0   0x000000de   Code   RO          880    i.I2C_MasterRequestRead  stm32f4xx_hal_i2c.o
    0x08002cae   0x08002cae   0x00000002   PAD
    0x08002cb0   0x08002cb0   0x00000094   Code   RO          881    i.I2C_MasterRequestWrite  stm32f4xx_hal_i2c.o
    0x08002d44   0x08002d44   0x0000004e   Code   RO          890    i.I2C_WaitOnBTFFlagUntilTimeout  stm32f4xx_hal_i2c.o
    0x08002d92   0x08002d92   0x00000060   Code   RO          891    i.I2C_WaitOnFlagUntilTimeout  stm32f4xx_hal_i2c.o
    0x08002df2   0x08002df2   0x00000002   PAD
    0x08002df4   0x08002df4   0x00000088   Code   RO          892    i.I2C_WaitOnMasterAddressFlagUntilTimeout  stm32f4xx_hal_i2c.o
    0x08002e7c   0x08002e7c   0x00000062   Code   RO          893    i.I2C_WaitOnRXNEFlagUntilTimeout  stm32f4xx_hal_i2c.o
    0x08002ede   0x08002ede   0x0000004e   Code   RO          894    i.I2C_WaitOnTXEFlagUntilTimeout  stm32f4xx_hal_i2c.o
    0x08002f2c   0x08002f2c   0x000000c4   Code   RO           15    i.MPU9250_Calib_Gyro  mpu9250.o
    0x08002ff0   0x08002ff0   0x00000338   Code   RO           16    i.MPU9250_Calib_Mag  mpu9250.o
    0x08003328   0x08003328   0x00000290   Code   RO           17    i.MPU9250_Get_Angles  mpu9250.o
    0x080035b8   0x080035b8   0x00000218   Code   RO           18    i.MPU9250_Init_All  mpu9250.o
    0x080037d0   0x080037d0   0x00000068   Code   RO           19    i.MPU9250_Read_All  mpu9250.o
    0x08003838   0x08003838   0x0000007c   Code   RO           20    i.MPU9250_Read_Mag  mpu9250.o
    0x080038b4   0x080038b4   0x00000078   Code   RO           21    i.MPU9250_Write_Mag  mpu9250.o
    0x0800392c   0x0800392c   0x0000014c   Code   RO          431    i.MX_GPIO_Init      main.o
    0x08003a78   0x08003a78   0x00000038   Code   RO          432    i.MX_I2C1_Init      main.o
    0x08003ab0   0x08003ab0   0x00000050   Code   RO          433    i.MX_TIM2_Init      main.o
    0x08003b00   0x08003b00   0x00000054   Code   RO          434    i.MX_TIM3_Init      main.o
    0x08003b54   0x08003b54   0x0000006c   Code   RO          435    i.MX_TIM4_Init      main.o
    0x08003bc0   0x08003bc0   0x000005b4   Code   RO          202    i.MadgwickAHRSupdate  madgwickahrs.o
    0x08004174   0x08004174   0x000002a4   Code   RO          203    i.MadgwickAHRSupdateIMU  madgwickahrs.o
    0x08004418   0x08004418   0x00000002   Code   RO          571    i.MemManage_Handler  stm32f4xx_it.o
    0x0800441a   0x0800441a   0x00000002   Code   RO          572    i.NMI_Handler       stm32f4xx_it.o
    0x0800441c   0x0800441c   0x00000020   Code   RO         3197    i.NVIC_SetPriority  stm32f4xx_hal_cortex.o
    0x0800443c   0x0800443c   0x00000002   Code   RO          573    i.PendSV_Handler    stm32f4xx_it.o
    0x0800443e   0x0800443e   0x00000002   Code   RO          574    i.SVC_Handler       stm32f4xx_it.o
    0x08004440   0x08004440   0x0000000e   Code   RO          575    i.SysTick_Handler   stm32f4xx_it.o
    0x0800444e   0x0800444e   0x00000002   PAD
    0x08004450   0x08004450   0x0000009c   Code   RO          436    i.SystemClock_Config  main.o
    0x080044ec   0x080044ec   0x00000054   Code   RO         3486    i.SystemInit        system_stm32f4xx.o
    0x08004540   0x08004540   0x0000004c   Code   RO          437    i.TIM2_IRQHandler   main.o
    0x0800458c   0x0800458c   0x00000024   Code   RO          438    i.TIM3_IRQHandler   main.o
    0x080045b0   0x080045b0   0x000000c0   Code   RO         1330    i.TIM_Base_SetConfig  stm32f4xx_hal_tim.o
    0x08004670   0x08004670   0x00000016   Code   RO         1331    i.TIM_CCxChannelCmd  stm32f4xx_hal_tim.o
    0x08004686   0x08004686   0x00000014   Code   RO         1337    i.TIM_ETR_SetConfig  stm32f4xx_hal_tim.o
    0x0800469a   0x0800469a   0x00000010   Code   RO         1338    i.TIM_ITRx_SetConfig  stm32f4xx_hal_tim.o
    0x080046aa   0x080046aa   0x00000002   PAD
    0x080046ac   0x080046ac   0x00000058   Code   RO         1339    i.TIM_OC1_SetConfig  stm32f4xx_hal_tim.o
    0x08004704   0x08004704   0x00000064   Code   RO         1340    i.TIM_OC2_SetConfig  stm32f4xx_hal_tim.o
    0x08004768   0x08004768   0x00000060   Code   RO         1341    i.TIM_OC3_SetConfig  stm32f4xx_hal_tim.o
    0x080047c8   0x080047c8   0x00000050   Code   RO         1342    i.TIM_OC4_SetConfig  stm32f4xx_hal_tim.o
    0x08004818   0x08004818   0x00000022   Code   RO         1344    i.TIM_TI1_ConfigInputStage  stm32f4xx_hal_tim.o
    0x0800483a   0x0800483a   0x00000024   Code   RO         1346    i.TIM_TI2_ConfigInputStage  stm32f4xx_hal_tim.o
    0x0800485e   0x0800485e   0x00000010   Code   RO         2152    i.UART_DMAAbortOnError  stm32f4xx_hal_uart.o
    0x0800486e   0x0800486e   0x0000001c   Code   RO         2162    i.UART_EndRxTransfer  stm32f4xx_hal_uart.o
    0x0800488a   0x0800488a   0x0000008c   Code   RO         2164    i.UART_Receive_IT   stm32f4xx_hal_uart.o
    0x08004916   0x08004916   0x00000002   PAD
    0x08004918   0x08004918   0x000002ac   Code   RO         2165    i.UART_SetConfig    stm32f4xx_hal_uart.o
    0x08004bc4   0x08004bc4   0x00000062   Code   RO         2166    i.UART_Transmit_IT  stm32f4xx_hal_uart.o
    0x08004c26   0x08004c26   0x00000064   Code   RO         2167    i.UART_WaitOnFlagUntilTimeout  stm32f4xx_hal_uart.o
    0x08004c8a   0x08004c8a   0x00000002   PAD
    0x08004c8c   0x08004c8c   0x0000000c   Code   RO          576    i.USART3_IRQHandler  stm32f4xx_it.o
    0x08004c98   0x08004c98   0x00000002   Code   RO          577    i.UsageFault_Handler  stm32f4xx_it.o
    0x08004c9a   0x08004c9a   0x00000002   Code   RO          439    i._Error_Handler    main.o
    0x08004c9c   0x08004c9c   0x00000026   Code   RO         3676    i.__ARM_fpclassifyf  m_wm.l(fpclassifyf.o)
    0x08004cc2   0x08004cc2   0x00000002   PAD
    0x08004cc4   0x08004cc4   0x0000012c   Code   RO         3520    i.__hardfp_asinf    m_wm.l(asinf.o)
    0x08004df0   0x08004df0   0x00000250   Code   RO         3544    i.__hardfp_atan2f   m_wm.l(atan2f.o)
    0x08005040   0x08005040   0x0000007a   Code   RO         3592    i.__hardfp_sqrt     m_wm.l(sqrt.o)
    0x080050ba   0x080050ba   0x00000006   Code   RO         3679    i.__mathlib_flt_infnan  m_wm.l(funder.o)
    0x080050c0   0x080050c0   0x00000006   Code   RO         3680    i.__mathlib_flt_infnan2  m_wm.l(funder.o)
    0x080050c6   0x080050c6   0x00000002   PAD
    0x080050c8   0x080050c8   0x00000010   Code   RO         3681    i.__mathlib_flt_invalid  m_wm.l(funder.o)
    0x080050d8   0x080050d8   0x00000010   Code   RO         3684    i.__mathlib_flt_underflow  m_wm.l(funder.o)
    0x080050e8   0x080050e8   0x0000000e   Code   RO         3781    i.__scatterload_copy  mc_w.l(handlers.o)
    0x080050f6   0x080050f6   0x00000002   Code   RO         3782    i.__scatterload_null  mc_w.l(handlers.o)
    0x080050f8   0x080050f8   0x0000000e   Code   RO         3783    i.__scatterload_zeroinit  mc_w.l(handlers.o)
    0x08005106   0x08005106   0x00000002   PAD
    0x08005108   0x08005108   0x0000000c   Code   RO         3738    i.__set_errno       mc_w.l(errno.o)
    0x08005114   0x08005114   0x0000000e   Code   RO         3623    i._is_digit         mc_w.l(scanf_fp.o)
    0x08005122   0x08005122   0x00000002   PAD
    0x08005124   0x08005124   0x0000002c   Code   RO          204    i.invSqrt           madgwickahrs.o
    0x08005150   0x08005150   0x000001b4   Code   RO          440    i.main              main.o
    0x08005304   0x08005304   0x0000003e   Code   RO         3706    i.sqrtf             m_wm.l(sqrtf.o)
    0x08005342   0x08005342   0x00000008   Data   RO         2914    .constdata          stm32f4xx_hal_dma.o
    0x0800534a   0x0800534a   0x00000010   Data   RO         3487    .constdata          system_stm32f4xx.o
    0x0800535a   0x0800535a   0x00000008   Data   RO         3488    .constdata          system_stm32f4xx.o
    0x08005362   0x08005362   0x00000040   Data   RO         3777    .constdata          mc_w.l(ctype_c.o)
    0x080053a2   0x080053a2   0x00000002   PAD
    0x080053a4   0x080053a4   0x00000020   Data   RO         3779    Region$$Table       anon$$obj.o


    Execution Region RW_IRAM1 (Exec base: 0x20000000, Load base: 0x080053c4, Size: 0x00000a58, Max: 0x00020000, ABSOLUTE, COMPRESSED[0x00000024])

    Exec Addr    Load Addr    Size         Type   Attr      Idx    E Section Name        Object

    0x20000000   COMPRESSED   0x000000fc   Data   RW           27    .data               mpu9250.o
    0x200000fc   COMPRESSED   0x00000014   Data   RW          205    .data               madgwickahrs.o
    0x20000110   COMPRESSED   0x00000034   Data   RW          449    .data               main.o
    0x20000144   COMPRESSED   0x0000000c   Data   RW         3339    .data               stm32f4xx_hal.o
    0x20000150   COMPRESSED   0x00000004   Data   RW         3489    .data               system_stm32f4xx.o
    0x20000154   COMPRESSED   0x00000004   Data   RW         3739    .data               mc_w.l(errno.o)
    0x20000158        -       0x00000015   Zero   RW           22    .bss                mpu9250.o
    0x2000016d   COMPRESSED   0x00000003   PAD
    0x20000170        -       0x00000250   Zero   RW          241    .bss                neom8n.o
    0x200003c0        -       0x000001d7   Zero   RW          441    .bss                main.o
    0x20000597   COMPRESSED   0x00000001   PAD
    0x20000598        -       0x00000060   Zero   RW          442    .bss                main.o
    0x200005f8        -       0x00000060   Zero   RW          443    .bss                main.o
    0x20000658        -       0x00000400   Zero   RW            1    STACK               startup_stm32f407xx.o


==============================================================================

Image component sizes


      Code (inc. data)   RO Data    RW Data    ZI Data      Debug   Object Name

      2180         22          0         20          0       4538   madgwickahrs.o
      2070        212          0         52        663      13011   main.o
      2560         98          0        252         21     689990   mpu9250.o
        24          8          0          0        592     683485   neom8n.o
        36          8        392          0       1024        892   startup_stm32f407xx.o
       180         28          0         12          0       4981   stm32f4xx_hal.o
       228         14          0          0          0      32653   stm32f4xx_hal_cortex.o
       788         16          8          0          0       5079   stm32f4xx_hal_dma.o
       478         50          0          0          0       4599   stm32f4xx_hal_gpio.o
      1960         38          0          0          0      13218   stm32f4xx_hal_i2c.o
       780        120          0          0          0       4962   stm32f4xx_hal_msp.o
      1272         82          0          0          0       6024   stm32f4xx_hal_rcc.o
      1690         88          0          0          0      17618   stm32f4xx_hal_tim.o
        84          0          0          0          0       2638   stm32f4xx_hal_tim_ex.o
      1696         14          0          0          0      10510   stm32f4xx_hal_uart.o
        82         18          0          0          0       7246   stm32f4xx_it.o
        84         18         24          4          0       1327   system_stm32f4xx.o

    ----------------------------------------------------------------------
     16218        834        456        340       2304    1502771   Object Totals
         0          0         32          0          0          0   (incl. Generated)
        26          0          0          0          4          0   (incl. Padding)

    ----------------------------------------------------------------------

      Code (inc. data)   RO Data    RW Data    ZI Data      Debug   Library Member Name

       300         42          0          0          0        176   asinf.o
       592         90          0          0          0        184   atan2f.o
        38          0          0          0          0        116   fpclassifyf.o
        44         12          0          0          0        464   funder.o
       122          0          0          0          0        148   sqrt.o
        62          0          0          0          0        136   sqrtf.o
        56          8          0          0          0         84   __0sscanf.o
        86          0          0          0          0          0   __dczerorl2.o
       812          4          0          0          0        112   _scanf.o
       224          0          0          0          0         96   _scanf_str.o
        64          0          0          0          0         84   _sgetc.o
        40          6         64          0          0         68   ctype_c.o
         0          0          0          0          0          0   entry.o
         0          0          0          0          0          0   entry10a.o
         0          0          0          0          0          0   entry11a.o
         8          4          0          0          0          0   entry2.o
         4          0          0          0          0          0   entry5.o
         0          0          0          0          0          0   entry7b.o
         0          0          0          0          0          0   entry8b.o
         8          4          0          0          0          0   entry9a.o
        12          6          0          4          0         68   errno.o
        30          0          0          0          0          0   handlers.o
        36          8          0          0          0         68   init.o
        10          0          0          0          0         68   isspace_c.o
         0          0          0          0          0          0   iusefp.o
        30          0          0          0          0         68   llshl.o
        32          0          0          0          0         68   llushr.o
        36          0          0          0          0        108   memseta.o
        40          8          0          0          0         84   scanf_char.o
       878         12          0          0          0        216   scanf_fp.o
        98          0          0          0          0         92   uldiv.o
        56          0          0          0          0         88   d2f.o
       222          0          0          0          0        100   ddiv.o
       186          0          0          0          0        176   depilogue.o
        24          0          0          0          0         76   dfltul.o
       228          0          0          0          0         96   dmul.o
       162          0          0          0          0        100   dsqrt.o
        38          0          0          0          0         68   f2d.o
       110          0          0          0          0        168   fepilogue.o

    ----------------------------------------------------------------------
      4704        204         66          4          0       3380   Library Totals
        16          0          2          0          0          0   (incl. Padding)

    ----------------------------------------------------------------------

      Code (inc. data)   RO Data    RW Data    ZI Data      Debug   Library Name

      1158        144          0          0          0       1224   m_wm.l
      2504         60         64          4          0       1284   mc_w.l
      1026          0          0          0          0        872   mf_w.l

    ----------------------------------------------------------------------
      4704        204         66          4          0       3380   Library Totals

    ----------------------------------------------------------------------

==============================================================================


      Code (inc. data)   RO Data    RW Data    ZI Data      Debug   

     20922       1038        522        344       2304    1493095   Grand Totals
     20922       1038        522         36       2304    1493095   ELF Image Totals (compressed)
     20922       1038        522         36          0          0   ROM Totals

==============================================================================

    Total RO  Size (Code + RO Data)                21444 (  20.94kB)
    Total RW  Size (RW Data + ZI Data)              2648 (   2.59kB)
    Total ROM Size (Code + RO Data + RW Data)      21480 (  20.98kB)

==============================================================================

